Component: ARM Compiler 5.06 update 6 (build 750) Tool: armlink [4d35ed]

==============================================================================

Section Cross References

    startup_stm32f407xx.o(RESET) refers to startup_stm32f407xx.o(STACK) for __initial_sp
    startup_stm32f407xx.o(RESET) refers to startup_stm32f407xx.o(.text) for Reset_Handler
    startup_stm32f407xx.o(RESET) refers to stm32f4xx_it.o(i.NMI_Handler) for NMI_Handler
    startup_stm32f407xx.o(RESET) refers to stm32f4xx_it.o(i.HardFault_Handler) for HardFault_Handler
    startup_stm32f407xx.o(RESET) refers to stm32f4xx_it.o(i.MemManage_Handler) for MemManage_Handler
    startup_stm32f407xx.o(RESET) refers to stm32f4xx_it.o(i.BusFault_Handler) for BusFault_Handler
    startup_stm32f407xx.o(RESET) refers to stm32f4xx_it.o(i.UsageFault_Handler) for UsageFault_Handler
    startup_stm32f407xx.o(RESET) refers to stm32f4xx_it.o(i.SVC_Handler) for SVC_Handler
    startup_stm32f407xx.o(RESET) refers to stm32f4xx_it.o(i.DebugMon_Handler) for DebugMon_Handler
    startup_stm32f407xx.o(RESET) refers to stm32f4xx_it.o(i.PendSV_Handler) for PendSV_Handler
    startup_stm32f407xx.o(RESET) refers to stm32f4xx_it.o(i.SysTick_Handler) for SysTick_Handler
    startup_stm32f407xx.o(RESET) refers to usmart.o(i.TIM4_IRQHandler) for TIM4_IRQHandler
    startup_stm32f407xx.o(RESET) refers to usart.o(i.USART1_IRQHandler) for USART1_IRQHandler
    startup_stm32f407xx.o(RESET) refers to stm32f4xx_it.o(i.TIM7_IRQHandler) for TIM7_IRQHandler
    startup_stm32f407xx.o(.text) refers to system_stm32f4xx.o(i.SystemInit) for SystemInit
    startup_stm32f407xx.o(.text) refers to entry.o(.ARM.Collect$$$$00000000) for __main
    main.o(i.SystemClock_Config) refers to memseta.o(.text) for __aeabi_memclr4
    main.o(i.SystemClock_Config) refers to stm32f4xx_hal_rcc.o(i.HAL_RCC_OscConfig) for HAL_RCC_OscConfig
    main.o(i.SystemClock_Config) refers to main.o(i.Error_Handler) for Error_Handler
    main.o(i.SystemClock_Config) refers to stm32f4xx_hal_rcc.o(i.HAL_RCC_ClockConfig) for HAL_RCC_ClockConfig
    main.o(i.main) refers to stm32f4xx_hal.o(i.HAL_Init) for HAL_Init
    main.o(i.main) refers to main.o(i.SystemClock_Config) for SystemClock_Config
    main.o(i.main) refers to tim.o(i.MX_TIM7_Init) for MX_TIM7_Init
    main.o(i.main) refers to delay.o(i.delay_init) for delay_init
    main.o(i.main) refers to usart.o(i.uart_init) for uart_init
    main.o(i.main) refers to lcd.o(i.LCD_Init) for LCD_Init
    main.o(i.main) refers to lcd.o(i.LCD_Clear) for LCD_Clear
    main.o(i.main) refers to lv_obj.o(i.lv_init) for lv_init
    main.o(i.main) refers to stm32f4xx_hal_tim.o(i.HAL_TIM_Base_Start_IT) for HAL_TIM_Base_Start_IT
    main.o(i.main) refers to lv_hal_disp.o(i.lv_disp_buf_init) for lv_disp_buf_init
    main.o(i.main) refers to lv_hal_disp.o(i.lv_disp_drv_init) for lv_disp_drv_init
    main.o(i.main) refers to lv_hal_disp.o(i.lv_disp_drv_register) for lv_disp_drv_register
    main.o(i.main) refers to lv_hal_indev.o(i.lv_indev_drv_init) for lv_indev_drv_init
    main.o(i.main) refers to lv_hal_indev.o(i.lv_indev_drv_register) for lv_indev_drv_register
    main.o(i.main) refers to lv_example.o(i.lv_tutorial_objects) for lv_tutorial_objects
    main.o(i.main) refers to usmart_config.o(.data) for usmart_dev
    main.o(i.main) refers to touch.o(.data) for tp_dev
    main.o(i.main) refers to lcd.o(.data) for POINT_COLOR
    main.o(i.main) refers to tim.o(.bss) for htim7
    main.o(i.main) refers to main.o(.bss) for buf
    main.o(i.main) refers to main.o(i.my_disp_flush) for my_disp_flush
    main.o(i.main) refers to main.o(i.my_touchpad_read) for my_touchpad_read
    main.o(i.my_disp_flush) refers to lcd.o(i.LCD_Fast_DrawPoint) for LCD_Fast_DrawPoint
    main.o(i.my_disp_flush) refers to lv_hal_disp.o(i.lv_disp_flush_ready) for lv_disp_flush_ready
    main.o(i.my_touchpad_read) refers to touch.o(.data) for tp_dev
    main.o(i.my_touchpad_read) refers to main.o(.data) for last_x
    tim.o(i.HAL_TIM_Base_MspDeInit) refers to stm32f4xx_hal_cortex.o(i.HAL_NVIC_DisableIRQ) for HAL_NVIC_DisableIRQ
    tim.o(i.HAL_TIM_Base_MspInit) refers to stm32f4xx_hal_cortex.o(i.HAL_NVIC_SetPriority) for HAL_NVIC_SetPriority
    tim.o(i.HAL_TIM_Base_MspInit) refers to stm32f4xx_hal_cortex.o(i.HAL_NVIC_EnableIRQ) for HAL_NVIC_EnableIRQ
    tim.o(i.MX_TIM7_Init) refers to stm32f4xx_hal_tim.o(i.HAL_TIM_Base_Init) for HAL_TIM_Base_Init
    tim.o(i.MX_TIM7_Init) refers to main.o(i.Error_Handler) for Error_Handler
    tim.o(i.MX_TIM7_Init) refers to stm32f4xx_hal_tim_ex.o(i.HAL_TIMEx_MasterConfigSynchronization) for HAL_TIMEx_MasterConfigSynchronization
    tim.o(i.MX_TIM7_Init) refers to tim.o(.bss) for htim7
    stm32f4xx_it.o(i.SysTick_Handler) refers to stm32f4xx_hal.o(i.HAL_IncTick) for HAL_IncTick
    stm32f4xx_it.o(i.TIM7_IRQHandler) refers to stm32f4xx_hal_tim.o(i.HAL_TIM_IRQHandler) for HAL_TIM_IRQHandler
[...]
    lv_utils_bsearch                         0x08019299   Thumb Code    84  lv_utils.o(i.lv_utils_bsearch)
    main                                     0x080192ed   Thumb Code   134  main.o(i.main)
    my_disp_flush                            0x0801939d   Thumb Code    64  main.o(i.my_disp_flush)
    my_touchpad_read                         0x080193dd   Thumb Code    70  main.o(i.my_touchpad_read)
    read_addr                                0x080194dd   Thumb Code     6  usmart.o(i.read_addr)
    tri_draw_flat                            0x08019863   Thumb Code  1112  lv_draw_triangle.o(i.tri_draw_flat)
    tri_draw_tall                            0x08019cbb   Thumb Code   928  lv_draw_triangle.o(i.tri_draw_tall)
    uart_init                                0x0801a05d   Thumb Code    44  usart.o(i.uart_init)
    usmart_cmd_rec                           0x0801a0a1   Thumb Code   170  usmart.o(i.usmart_cmd_rec)
    usmart_exe                               0x0801a151   Thumb Code   632  usmart.o(i.usmart_exe)
    usmart_get_aparm                         0x0801a425   Thumb Code   212  usmart_str.o(i.usmart_get_aparm)
    usmart_get_cmdname                       0x0801a4f9   Thumb Code    54  usmart_str.o(i.usmart_get_cmdname)
    usmart_get_fname                         0x0801a531   Thumb Code   440  usmart_str.o(i.usmart_get_fname)
    usmart_get_fparam                        0x0801a6f1   Thumb Code   262  usmart_str.o(i.usmart_get_fparam)
    usmart_get_parmpos                       0x0801a7fd   Thumb Code    26  usmart_str.o(i.usmart_get_parmpos)
    usmart_get_runtime                       0x0801a81d   Thumb Code    58  usmart.o(i.usmart_get_runtime)
    usmart_init                              0x0801a861   Thumb Code    36  usmart.o(i.usmart_init)
    usmart_pow                               0x0801a889   Thumb Code    22  usmart_str.o(i.usmart_pow)
    usmart_reset_runtime                     0x0801a8a1   Thumb Code    44  usmart.o(i.usmart_reset_runtime)
    usmart_scan                              0x0801a8d5   Thumb Code   120  usmart.o(i.usmart_scan)
    usmart_search_nextc                      0x0801a991   Thumb Code    22  usmart_str.o(i.usmart_search_nextc)
    usmart_str2num                           0x0801a9a7   Thumb Code   262  usmart_str.o(i.usmart_str2num)
    usmart_strcmp                            0x0801aaad   Thumb Code    34  usmart_str.o(i.usmart_strcmp)
    usmart_strcopy                           0x0801aacf   Thumb Code    22  usmart_str.o(i.usmart_strcopy)
    usmart_strlen                            0x0801aae5   Thumb Code    24  usmart_str.o(i.usmart_strlen)
    usmart_sys_cmd_exe                       0x0801aafd   Thumb Code  1570  usmart.o(i.usmart_sys_cmd_exe)
    write_addr                               0x0801b1f1   Thumb Code     4  usmart.o(i.write_addr)
    AHBPrescTable                            0x0801b1f6   Data          16  system_stm32f4xx.o(.constdata)
    APBPrescTable                            0x0801b206   Data           8  system_stm32f4xx.o(.constdata)
    FT5206_TPX_TBL                           0x0801b20e   Data          10  ft5206.o(.constdata)
    GT9147_CFG_TBL                           0x0801b218   Data         184  gt9147.o(.constdata)
    GT9147_TPX_TBL                           0x0801b2d0   Data          10  gt9147.o(.constdata)
    asc2_1206                                0x0801b2da   Data        1140  lcd.o(.constdata)
    asc2_1608                                0x0801b74e   Data        1520  lcd.o(.constdata)
    asc2_2412                                0x0801bd3e   Data        3420  lcd.o(.constdata)
    asc2_3216                                0x0801ca9a   Data       12160  lcd.o(.constdata)
    OTT_TPX_TBL                              0x0801fa1a   Data          10  ott2001a.o(.constdata)
    TP_REMIND_MSG_TBL                        0x0801fa24   Data           4  touch.o(.constdata)
    Region$$Table$$Base                      0x08022940   Number         0  anon$$obj.o(Region$$Table)
    Region$$Table$$Limit                     0x08022960   Number         0  anon$$obj.o(Region$$Table)
    uwTick                                   0x20000008   Data           4  stm32f4xx_hal.o(.data)
    uwTickPrio                               0x2000000c   Data           4  stm32f4xx_hal.o(.data)
    uwTickFreq                               0x20000010   Data           1  stm32f4xx_hal.o(.data)
    SystemCoreClock                          0x20000014   Data           4  system_stm32f4xx.o(.data)
    POINT_COLOR                              0x20000020   Data           4  lcd.o(.data)
    BACK_COLOR                               0x20000024   Data           4  lcd.o(.data)
    tp_dev                                   0x2000002c   Data          52  touch.o(.data)
    CMD_RDX                                  0x20000060   Data           1  touch.o(.data)
    CMD_RDY                                  0x20000061   Data           1  touch.o(.data)
    __stdout                                 0x20000064   Data           4  usart.o(.data)
    USART_RX_STA                             0x20000068   Data           2  usart.o(.data)
    aRxBuffer                                0x2000006a   Data           1  usart.o(.data)
    sys_cmd_tab                              0x2000006c   Data          28  usmart.o(.data)
    usmart_nametab                           0x20000088   Data          32  usmart_config.o(.data)
    usmart_dev                               0x200000a8   Data         244  usmart_config.o(.data)
    lv_font_roboto_16                        0x200001fc   Data          16  lv_font_roboto_16.o(.data)
    _lv_img_cache_array                      0x20000220   Data           4  lv_gc.o(.data)
    _lv_task_act                             0x20000224   Data           4  lv_gc.o(.data)
    _lv_draw_buf                             0x20000228   Data           4  lv_gc.o(.data)
    lv_txt_encoded_size                      0x20000248   Data           4  lv_txt.o(.data)
    lv_txt_unicode_to_encoded                0x2000024c   Data           4  lv_txt.o(.data)
    lv_txt_encoded_conv_wc                   0x20000250   Data           4  lv_txt.o(.data)
    lv_txt_encoded_next                      0x20000254   Data           4  lv_txt.o(.data)
    lv_txt_encoded_prev                      0x20000258   Data           4  lv_txt.o(.data)
    lv_txt_encoded_get_byte_id               0x2000025c   Data           4  lv_txt.o(.data)
    lv_encoded_get_char_id                   0x20000260   Data           4  lv_txt.o(.data)
    lv_txt_get_encoded_length                0x20000264   Data           4  lv_txt.o(.data)
    disp_drv                                 0x20002848   Data          40  main.o(.bss)
    indev_drv                                0x20002870   Data          28  main.o(.bss)
    htim7                                    0x2000288c   Data          64  tim.o(.bss)
    TFTSRAM_Handler                          0x200028cc   Data          80  lcd.o(.bss)
    lcddev                                   0x2000291c   Data          14  lcd.o(.bss)
    USART_RX_BUF                             0x2000292c   Data         200  usart.o(.bss)
    UART1_Handler                            0x200029f4   Data          64  usart.o(.bss)
    TIM4_Handler                             0x20002a34   Data          64  usmart.o(.bss)
    lv_style_scr                             0x20002a74   Data          60  lv_style.o(.bss)
    lv_style_transp                          0x20002ab0   Data          60  lv_style.o(.bss)
    lv_style_transp_fit                      0x20002aec   Data          60  lv_style.o(.bss)
    lv_style_transp_tight                    0x20002b28   Data          60  lv_style.o(.bss)
    lv_style_plain                           0x20002b64   Data          60  lv_style.o(.bss)
    lv_style_plain_color                     0x20002ba0   Data          60  lv_style.o(.bss)
    lv_style_pretty                          0x20002bdc   Data          60  lv_style.o(.bss)
    lv_style_pretty_color                    0x20002c18   Data          60  lv_style.o(.bss)
    lv_style_btn_rel                         0x20002c54   Data          60  lv_style.o(.bss)
    lv_style_btn_pr                          0x20002c90   Data          60  lv_style.o(.bss)
    lv_style_btn_tgl_rel                     0x20002ccc   Data          60  lv_style.o(.bss)
    lv_style_btn_tgl_pr                      0x20002d08   Data          60  lv_style.o(.bss)
    lv_style_btn_ina                         0x20002d44   Data          60  lv_style.o(.bss)
    _lv_task_ll                              0x20003140   Data          12  lv_gc.o(.bss)
    _lv_disp_ll                              0x2000314c   Data          12  lv_gc.o(.bss)
    _lv_indev_ll                             0x20003158   Data          12  lv_gc.o(.bss)
    _lv_drv_ll                               0x20003164   Data          12  lv_gc.o(.bss)
    _lv_file_ll                              0x20003170   Data          12  lv_gc.o(.bss)
    _lv_anim_ll                              0x2000317c   Data          12  lv_gc.o(.bss)
    _lv_group_ll                             0x20003188   Data          12  lv_gc.o(.bss)
    _lv_img_defoder_ll                       0x20003194   Data          12  lv_gc.o(.bss)
    __initial_sp                             0x2000b5a0   Data           0  startup_stm32f407xx.o(STACK)



==============================================================================

Memory Map of the image

  Image Entry point : 0x08000189

  Load Region LR_IROM1 (Base: 0x08000000, Size: 0x00022c0c, Max: 0x00100000, ABSOLUTE, COMPRESSED[0x00022a28])

    Execution Region ER_IROM1 (Exec base: 0x08000000, Load base: 0x08000000, Size: 0x00022960, Max: 0x00100000, ABSOLUTE)

    Exec Addr    Load Addr    Size         Type   Attr      Idx    E Section Name        Object

    0x08000000   0x08000000   0x00000188   Data   RO            3    RESET               startup_stm32f407xx.o
    0x08000188   0x08000188   0x00000000   Code   RO        13632  * .ARM.Collect$$$$00000000  mc_w.l(entry.o)
    0x08000188   0x08000188   0x00000004   Code   RO        13926    .ARM.Collect$$$$00000001  mc_w.l(entry2.o)
    0x0800018c   0x0800018c   0x00000004   Code   RO        13929    .ARM.Collect$$$$00000004  mc_w.l(entry5.o)
    0x08000190   0x08000190   0x00000000   Code   RO        13931    .ARM.Collect$$$$00000008  mc_w.l(entry7b.o)
    0x08000190   0x08000190   0x00000000   Code   RO        13933    .ARM.Collect$$$$0000000A  mc_w.l(entry8b.o)
    0x08000190   0x08000190   0x00000008   Code   RO        13934    .ARM.Collect$$$$0000000B  mc_w.l(entry9a.o)
    0x08000198   0x08000198   0x00000000   Code   RO        13936    .ARM.Collect$$$$0000000D  mc_w.l(entry10a.o)
    0x08000198   0x08000198   0x00000000   Code   RO        13938    .ARM.Collect$$$$0000000F  mc_w.l(entry11a.o)
    0x08000198   0x08000198   0x00000004   Code   RO        13927    .ARM.Collect$$$$00002712  mc_w.l(entry2.o)
    0x0800019c   0x0800019c   0x00000024   Code   RO            4    .text               startup_stm32f407xx.o
    0x080001c0   0x080001c0   0x00000062   Code   RO        13635    .text               mc_w.l(uldiv.o)
    0x08000222   0x08000222   0x00000024   Code   RO        13637    .text               mc_w.l(memcpya.o)
    0x08000246   0x08000246   0x00000024   Code   RO        13639    .text               mc_w.l(memseta.o)
    0x0800026a   0x0800026a   0x0000000e   Code   RO        13641    .text               mc_w.l(strlen.o)
    0x08000278   0x08000278   0x0000001c   Code   RO        13643    .text               mc_w.l(strcmp.o)
    0x08000294   0x08000294   0x00000012   Code   RO        13645    .text               mc_w.l(strcpy.o)
    0x080002a6   0x080002a6   0x0000014e   Code   RO        13910    .text               mf_w.l(dadd.o)
    0x080003f4   0x080003f4   0x000000e4   Code   RO        13912    .text               mf_w.l(dmul.o)
    0x080004d8   0x080004d8   0x00000022   Code   RO        13914    .text               mf_w.l(dflti.o)
    0x080004fa   0x080004fa   0x0000001a   Code   RO        13916    .text               mf_w.l(dfltui.o)
    0x08000514   0x08000514   0x00000032   Code   RO        13918    .text               mf_w.l(dfixui.o)
    0x08000546   0x08000546   0x00000026   Code   RO        13920    .text               mf_w.l(f2d.o)
    0x0800056c   0x0800056c   0x00000030   Code   RO        13922    .text               mf_w.l(cdcmple.o)
    0x0800059c   0x0800059c   0x00000030   Code   RO        13924    .text               mf_w.l(cdrcmple.o)
    0x080005cc   0x080005cc   0x0000001e   Code   RO        13942    .text               mc_w.l(llshl.o)
    0x080005ea   0x080005ea   0x00000020   Code   RO        13944    .text               mc_w.l(llushr.o)
    0x0800060a   0x0800060a   0x00000024   Code   RO        13946    .text               mc_w.l(llsshr.o)
    0x0800062e   0x0800062e   0x00000000   Code   RO        13955    .text               mc_w.l(iusefp.o)
    0x0800062e   0x0800062e   0x000000ba   Code   RO        13956    .text               mf_w.l(depilogue.o)
    0x080006e8   0x080006e8   0x000000a2   Code   RO        13960    .text               mf_w.l(dsqrt.o)
    0x0800078a   0x0800078a   0x00000002   PAD
    0x0800078c   0x0800078c   0x00000024   Code   RO        13964    .text               mc_w.l(init.o)
    0x080007b0   0x080007b0   0x00000056   Code   RO        13974    .text               mc_w.l(__dczerorl2.o)
    0x08000806   0x08000806   0x00000008   Code   RO         3762    i.AT24CXX_Init      24cxx.o
    0x0800080e   0x0800080e   0x0000002c   Code   RO         3764    i.AT24CXX_ReadLenByte  24cxx.o
    0x0800083a   0x0800083a   0x00000058   Code   RO         3765    i.AT24CXX_ReadOneByte  24cxx.o
    0x08000892   0x08000892   0x0000002a   Code   RO         3767    i.AT24CXX_WriteLenByte  24cxx.o
    0x080008bc   0x080008bc   0x00000050   Code   RO         3768    i.AT24CXX_WriteOneByte  24cxx.o
    0x0800090c   0x0800090c   0x00000004   Code   RO          509    i.BusFault_Handler  stm32f4xx_it.o
    0x08000910   0x08000910   0x0000000a   Code   RO         3833    i.CT_Delay          ctiic.o
    0x0800091a   0x0800091a   0x00000002   PAD
    0x0800091c   0x0800091c   0x00000054   Code   RO         3834    i.CT_IIC_Ack        ctiic.o
    0x08000970   0x08000970   0x00000088   Code   RO         3835    i.CT_IIC_Init       ctiic.o
    0x080009f8   0x080009f8   0x00000054   Code   RO         3836    i.CT_IIC_NAck       ctiic.o
    0x08000a4c   0x08000a4c   0x0000006c   Code   RO         3837    i.CT_IIC_Read_Byte  ctiic.o
    0x08000ab8   0x08000ab8   0x00000064   Code   RO         3838    i.CT_IIC_Send_Byte  ctiic.o
    0x08000b1c   0x08000b1c   0x0000004c   Code   RO         3839    i.CT_IIC_Start      ctiic.o
    0x08000b68   0x08000b68   0x00000048   Code   RO         3840    i.CT_IIC_Stop       ctiic.o
    0x08000bb0   0x08000bb0   0x00000060   Code   RO         3841    i.CT_IIC_Wait_Ack   ctiic.o
    0x08000c10   0x08000c10   0x00000002   Code   RO          510    i.DebugMon_Handler  stm32f4xx_it.o
    0x08000c12   0x08000c12   0x00000002   Code   RO           13    i.Error_Handler     main.o
    0x08000c14   0x08000c14   0x00000048   Code   RO         3606    i.FSMC_NORSRAM_Extended_Timing_Init  stm32f4xx_ll_fsmc.o
    0x08000c5c   0x08000c5c   0x0000005c   Code   RO         3607    i.FSMC_NORSRAM_Init  stm32f4xx_ll_fsmc.o
    0x08000cb8   0x08000cb8   0x00000044   Code   RO         3608    i.FSMC_NORSRAM_Timing_Init  stm32f4xx_ll_fsmc.o
    0x08000cfc   0x08000cfc   0x00000118   Code   RO         3946    i.FT5206_Init       ft5206.o
    0x08000e14   0x08000e14   0x00000058   Code   RO         3947    i.FT5206_RD_Reg     ft5206.o
    0x08000e6c   0x08000e6c   0x0000019c   Code   RO         3948    i.FT5206_Scan       ft5206.o
    0x08001008   0x08001008   0x00000052   Code   RO         3949    i.FT5206_WR_Reg     ft5206.o
    0x0800105a   0x0800105a   0x00000002   PAD
    0x0800105c   0x0800105c   0x00000160   Code   RO         3992    i.GT9147_Init       gt9147.o
    0x080011bc   0x080011bc   0x00000062   Code   RO         3993    i.GT9147_RD_Reg     gt9147.o
    0x0800121e   0x0800121e   0x00000002   PAD
    0x08001220   0x08001220   0x00000200   Code   RO         3994    i.GT9147_Scan       gt9147.o
    0x08001420   0x08001420   0x0000005c   Code   RO         3995    i.GT9147_Send_Cfg   gt9147.o
    0x0800147c   0x0800147c   0x0000005c   Code   RO         3996    i.GT9147_WR_Reg     gt9147.o
    0x080014d8   0x080014d8   0x00000028   Code   RO         2210    i.HAL_DMA_Abort_IT  stm32f4xx_hal_dma.o
    0x08001500   0x08001500   0x00000200   Code   RO         2102    i.HAL_GPIO_Init     stm32f4xx_hal_gpio.o
    0x08001700   0x08001700   0x0000000c   Code   RO         2639    i.HAL_GetTick       stm32f4xx_hal.o
    0x0800170c   0x0800170c   0x00000018   Code   RO         2645    i.HAL_IncTick       stm32f4xx_hal.o
    0x08001724   0x08001724   0x0000003c   Code   RO         2646    i.HAL_Init          stm32f4xx_hal.o
    0x08001760   0x08001760   0x0000004c   Code   RO         2647    i.HAL_InitTick      stm32f4xx_hal.o
    0x080017ac   0x080017ac   0x00000048   Code   RO          591    i.HAL_MspInit       stm32f4xx_hal_msp.o
    0x080017f4   0x080017f4   0x00000020   Code   RO         2491    i.HAL_NVIC_EnableIRQ  stm32f4xx_hal_cortex.o
    0x08001814   0x08001814   0x0000007c   Code   RO         2497    i.HAL_NVIC_SetPriority  stm32f4xx_hal_cortex.o
    0x08001890   0x08001890   0x00000028   Code   RO         2498    i.HAL_NVIC_SetPriorityGrouping  stm32f4xx_hal_cortex.o
    0x080018b8   0x080018b8   0x00000180   Code   RO         1703    i.HAL_RCC_ClockConfig  stm32f4xx_hal_rcc.o
    0x08001a38   0x08001a38   0x0000000c   Code   RO         1708    i.HAL_RCC_GetHCLKFreq  stm32f4xx_hal_rcc.o
    0x08001a44   0x08001a44   0x00000020   Code   RO         1710    i.HAL_RCC_GetPCLK1Freq  stm32f4xx_hal_rcc.o
    0x08001a64   0x08001a64   0x00000020   Code   RO         1711    i.HAL_RCC_GetPCLK2Freq  stm32f4xx_hal_rcc.o
    0x08001a84   0x08001a84   0x000000b0   Code   RO         1712    i.HAL_RCC_GetSysClockFreq  stm32f4xx_hal_rcc.o
    0x08001b34   0x08001b34   0x00000448   Code   RO         1715    i.HAL_RCC_OscConfig  stm32f4xx_hal_rcc.o
    0x08001f7c   0x08001f7c   0x00000058   Code   RO         2885    i.HAL_SRAM_Init     stm32f4xx_hal_sram.o
    0x08001fd4   0x08001fd4   0x00000104   Code   RO         4044    i.HAL_SRAM_MspInit  lcd.o
    0x080020d8   0x080020d8   0x00000028   Code   RO         2500    i.HAL_SYSTICK_CLKSourceConfig  stm32f4xx_hal_cortex.o
    0x08002100   0x08002100   0x00000034   Code   RO         2502    i.HAL_SYSTICK_Config  stm32f4xx_hal_cortex.o
    0x08002134   0x08002134   0x00000002   Code   RO         1451    i.HAL_TIMEx_BreakCallback  stm32f4xx_hal_tim_ex.o
    0x08002136   0x08002136   0x00000002   Code   RO         1452    i.HAL_TIMEx_CommutCallback  stm32f4xx_hal_tim_ex.o
    0x08002138   0x08002138   0x00000054   Code   RO         1469    i.HAL_TIMEx_MasterConfigSynchronization  stm32f4xx_hal_tim_ex.o
    0x0800218c   0x0800218c   0x00000034   Code   RO          765    i.HAL_TIM_Base_Init  stm32f4xx_hal_tim.o
    0x080021c0   0x080021c0   0x00000048   Code   RO          468    i.HAL_TIM_Base_MspInit  tim.o
    0x08002208   0x08002208   0x0000002a   Code   RO          770    i.HAL_TIM_Base_Start_IT  stm32f4xx_hal_tim.o
    0x08002232   0x08002232   0x00000002   Code   RO          794    i.HAL_TIM_IC_CaptureCallback  stm32f4xx_hal_tim.o
    0x08002234   0x08002234   0x00000196   Code   RO          808    i.HAL_TIM_IRQHandler  stm32f4xx_hal_tim.o
    0x080023ca   0x080023ca   0x00000002   Code   RO          811    i.HAL_TIM_OC_DelayElapsedCallback  stm32f4xx_hal_tim.o
    0x080023cc   0x080023cc   0x00000002   Code   RO          838    i.HAL_TIM_PWM_PulseFinishedCallback  stm32f4xx_hal_tim.o
    0x080023ce   0x080023ce   0x00000002   Code   RO          846    i.HAL_TIM_PeriodElapsedCallback  stm32f4xx_hal_tim.o
    0x080023d0   0x080023d0   0x00000002   Code   RO          851    i.HAL_TIM_TriggerCallback  stm32f4xx_hal_tim.o
    0x080023d2   0x080023d2   0x00000002   Code   RO         3022    i.HAL_UART_ErrorCallback  stm32f4xx_hal_uart.o
    0x080023d4   0x080023d4   0x00000014   Code   RO         3024    i.HAL_UART_GetState  stm32f4xx_hal_uart.o
    0x080023e8   0x080023e8   0x0000014c   Code   RO         3025    i.HAL_UART_IRQHandler  stm32f4xx_hal_uart.o
    0x08002534   0x08002534   0x00000072   Code   RO         3026    i.HAL_UART_Init     stm32f4xx_hal_uart.o
    0x080025a6   0x080025a6   0x00000002   PAD
    0x080025a8   0x080025a8   0x0000009c   Code   RO         4519    i.HAL_UART_MspInit  usart.o
    0x08002644   0x08002644   0x00000070   Code   RO         3031    i.HAL_UART_Receive_IT  stm32f4xx_hal_uart.o
    0x080026b4   0x080026b4   0x00000088   Code   RO         4520    i.HAL_UART_RxCpltCallback  usart.o
    0x0800273c   0x0800273c   0x00000002   Code   RO         3037    i.HAL_UART_TxCpltCallback  stm32f4xx_hal_uart.o
    0x0800273e   0x0800273e   0x00000004   Code   RO          511    i.HardFault_Handler  stm32f4xx_it.o
    0x08002742   0x08002742   0x00000002   PAD
    0x08002744   0x08002744   0x00000050   Code   RO         4265    i.IIC_Ack           myiic.o
    0x08002794   0x08002794   0x0000005c   Code   RO         4266    i.IIC_Init          myiic.o
    0x080027f0   0x080027f0   0x00000050   Code   RO         4267    i.IIC_NAck          myiic.o
    0x08002840   0x08002840   0x0000006c   Code   RO         4268    i.IIC_Read_Byte     myiic.o
    0x080028ac   0x080028ac   0x00000068   Code   RO         4269    i.IIC_Send_Byte     myiic.o
    0x08002914   0x08002914   0x0000004c   Code   RO         4270    i.IIC_Start         myiic.o
    0x08002960   0x08002960   0x0000004c   Code   RO         4271    i.IIC_Stop          myiic.o
    0x080029ac   0x080029ac   0x00000060   Code   RO         4272    i.IIC_Wait_Ack      myiic.o
    0x08002a0c   0x08002a0c   0x00000034   Code   RO         4046    i.LCD_Clear         lcd.o
    0x08002a40   0x08002a40   0x00000160   Code   RO         4050    i.LCD_Display_Dir   lcd.o
    0x08002ba0   0x08002ba0   0x000000b0   Code   RO         4051    i.LCD_DrawLine      lcd.o
    0x08002c50   0x08002c50   0x00000024   Code   RO         4052    i.LCD_DrawPoint     lcd.o
    0x08002c74   0x08002c74   0x00000098   Code   RO         4054    i.LCD_Draw_Circle   lcd.o
    0x08002d0c   0x08002d0c   0x0000010c   Code   RO         4055    i.LCD_Fast_DrawPoint  lcd.o
    0x08002e18   0x08002e18   0x00002478   Code   RO         4057    i.LCD_Init          lcd.o
    0x08005290   0x08005290   0x00000016   Code   RO         4058    i.LCD_Pow           lcd.o
    0x080052a6   0x080052a6   0x00000002   PAD
    0x080052a8   0x080052a8   0x00000014   Code   RO         4059    i.LCD_RD_DATA       lcd.o
    0x080052bc   0x080052bc   0x00000060   Code   RO         4062    i.LCD_SSD_BackLightSet  lcd.o
    0x0800531c   0x0800531c   0x00000274   Code   RO         4063    i.LCD_Scan_Dir      lcd.o
    0x08005590   0x08005590   0x00000138   Code   RO         4064    i.LCD_SetCursor     lcd.o
    0x080056c8   0x080056c8   0x0000013c   Code   RO         4066    i.LCD_ShowChar      lcd.o
    0x08005804   0x08005804   0x00000094   Code   RO         4067    i.LCD_ShowNum       lcd.o
    0x08005898   0x08005898   0x00000066   Code   RO         4068    i.LCD_ShowString    lcd.o
    0x080058fe   0x080058fe   0x00000002   PAD
    0x08005900   0x08005900   0x00000018   Code   RO         4070    i.LCD_WR_DATA       lcd.o
    0x08005918   0x08005918   0x00000018   Code   RO         4071    i.LCD_WR_REG        lcd.o
    0x08005930   0x08005930   0x00000014   Code   RO         4073    i.LCD_WriteRAM_Prepare  lcd.o
    0x08005944   0x08005944   0x00000014   Code   RO         4074    i.LCD_WriteReg      lcd.o
    0x08005958   0x08005958   0x0000004c   Code   RO          469    i.MX_TIM7_Init      tim.o
    0x080059a4   0x080059a4   0x00000004   Code   RO          512    i.MemManage_Handler  stm32f4xx_it.o
    0x080059a8   0x080059a8   0x00000002   Code   RO          513    i.NMI_Handler       stm32f4xx_it.o
    0x080059aa   0x080059aa   0x00000002   PAD
    0x080059ac   0x080059ac   0x000000dc   Code   RO         4331    i.OTT2001A_Init     ott2001a.o
    0x08005a88   0x08005a88   0x00000062   Code   RO         4332    i.OTT2001A_RD_Reg   ott2001a.o
    0x08005aea   0x08005aea   0x00000002   PAD
    0x08005aec   0x08005aec   0x00000204   Code   RO         4333    i.OTT2001A_Scan     ott2001a.o
    0x08005cf0   0x08005cf0   0x0000001c   Code   RO         4334    i.OTT2001A_SensorControl  ott2001a.o
    0x08005d0c   0x08005d0c   0x0000005c   Code   RO         4335    i.OTT2001A_WR_Reg   ott2001a.o
    0x08005d68   0x08005d68   0x00000002   Code   RO          514    i.PendSV_Handler    stm32f4xx_it.o
    0x08005d6a   0x08005d6a   0x00000002   Code   RO          515    i.SVC_Handler       stm32f4xx_it.o
    0x08005d6c   0x08005d6c   0x00000008   Code   RO          516    i.SysTick_Handler   stm32f4xx_it.o
    0x08005d74   0x08005d74   0x000000b8   Code   RO           14    i.SystemClock_Config  main.o
    0x08005e2c   0x08005e2c   0x00000064   Code   RO         3725    i.SystemInit        system_stm32f4xx.o
    0x08005e90   0x08005e90   0x00000044   Code   RO         4584    i.TIM4_IRQHandler   usmart.o
    0x08005ed4   0x08005ed4   0x00000018   Code   RO          517    i.TIM7_IRQHandler   stm32f4xx_it.o
    0x08005eec   0x08005eec   0x000000d8   Code   RO          853    i.TIM_Base_SetConfig  stm32f4xx_hal_tim.o
    0x08005fc4   0x08005fc4   0x000001a8   Code   RO         4411    i.TP_Adj_Info_Show  touch.o
    0x0800616c   0x0800616c   0x00000900   Code   RO         4412    i.TP_Adjust         touch.o
    0x08006a6c   0x08006a6c   0x00000070   Code   RO         4414    i.TP_Drow_Touch_Point  touch.o
    0x08006adc   0x08006adc   0x000000b0   Code   RO         4415    i.TP_Get_Adjdata    touch.o
    0x08006b8c   0x08006b8c   0x00000188   Code   RO         4416    i.TP_Init           touch.o
    0x08006d14   0x08006d14   0x00000094   Code   RO         4417    i.TP_Read_AD        touch.o
    0x08006da8   0x08006da8   0x00000078   Code   RO         4418    i.TP_Read_XOY       touch.o
    0x08006e20   0x08006e20   0x00000030   Code   RO         4419    i.TP_Read_XY        touch.o
    0x08006e50   0x08006e50   0x000000c0   Code   RO         4420    i.TP_Read_XY2       touch.o
    0x08006f10   0x08006f10   0x00000080   Code   RO         4421    i.TP_Save_Adjdata   touch.o
    0x08006f90   0x08006f90   0x000000fc   Code   RO         4422    i.TP_Scan           touch.o
    0x0800708c   0x0800708c   0x0000004c   Code   RO         4423    i.TP_Write_Byte     touch.o
    0x080070d8   0x080070d8   0x00000060   Code   RO         4585    i.Timer4_Init       usmart.o
    0x08007138   0x08007138   0x00000014   Code   RO         3039    i.UART_DMAAbortOnError  stm32f4xx_hal_uart.o
    0x0800714c   0x0800714c   0x00000020   Code   RO         3049    i.UART_EndRxTransfer  stm32f4xx_hal_uart.o
    0x0800716c   0x0800716c   0x00000020   Code   RO         3050    i.UART_EndTransmit_IT  stm32f4xx_hal_uart.o
    0x0800718c   0x0800718c   0x000000a6   Code   RO         3052    i.UART_Receive_IT   stm32f4xx_hal_uart.o
    0x08007232   0x08007232   0x00000002   PAD
    0x08007234   0x08007234   0x00000368   Code   RO         3053    i.UART_SetConfig    stm32f4xx_hal_uart.o
    0x0800759c   0x0800759c   0x00000068   Code   RO         3054    i.UART_Transmit_IT  stm32f4xx_hal_uart.o
    0x08007604   0x08007604   0x00000040   Code   RO         4521    i.USART1_IRQHandler  usart.o
    0x08007644   0x08007644   0x00000004   Code   RO          518    i.UsageFault_Handler  stm32f4xx_it.o
    0x08007648   0x08007648   0x00000020   Code   RO        13856    i.__0printf$8       mc_w.l(printf8.o)
    0x08007668   0x08007668   0x00000010   Code   RO         2504    i.__NVIC_GetPriorityGrouping  stm32f4xx_hal_cortex.o
    0x08007678   0x08007678   0x00000028   Code   RO         2505    i.__NVIC_SetPriority  stm32f4xx_hal_cortex.o
    0x080076a0   0x080076a0   0x0000007a   Code   RO        13620    i.__hardfp_sqrt     m_wm.l(sqrt.o)
    0x0800771a   0x0800771a   0x0000000e   Code   RO        13968    i.__scatterload_copy  mc_w.l(handlers.o)
    0x08007728   0x08007728   0x00000002   Code   RO        13969    i.__scatterload_null  mc_w.l(handlers.o)
    0x0800772a   0x0800772a   0x0000000e   Code   RO        13970    i.__scatterload_zeroinit  mc_w.l(handlers.o)
    0x08007738   0x08007738   0x0000000c   Code   RO        13950    i.__set_errno       mc_w.l(errno.o)
    0x08007744   0x08007744   0x00000410   Code   RO        13863    i._printf_core      mc_w.l(printf8.o)
    0x08007b54   0x08007b54   0x00000024   Code   RO        13864    i._printf_post_padding  mc_w.l(printf8.o)
    0x08007b78   0x08007b78   0x0000002e   Code   RO        13865    i._printf_pre_padding  mc_w.l(printf8.o)
    0x08007ba6   0x08007ba6   0x00000002   PAD
    0x08007ba8   0x08007ba8   0x000000b4   Code   RO         7807    i.anim_ready_handler  lv_anim.o
    0x08007c5c   0x08007c5c   0x000000d0   Code   RO         7808    i.anim_task         lv_anim.o
    0x08007d2c   0x08007d2c   0x00000054   Code   RO         6669    i.antialias_get_opa_circ  lv_draw_rect.o
    0x08007d80   0x08007d80   0x00000022   Code   RO          612    i.btn_event_cb      lv_example.o
    0x08007da2   0x08007da2   0x00000002   PAD
    0x08007da4   0x08007da4   0x00000038   Code   RO          613    i.ddlist_event_cb   lv_example.o
    0x08007ddc   0x08007ddc   0x00000014   Code   RO         3908    i.delay_init        delay.o
    0x08007df0   0x08007df0   0x00000018   Code   RO         3909    i.delay_ms          delay.o
    0x08007e08   0x08007e08   0x00000048   Code   RO         3910    i.delay_us          delay.o
    0x08007e50   0x08007e50   0x00000018   Code   RO        11677    i.edge_flash_anim   lv_page.o
    0x08007e68   0x08007e68   0x0000003e   Code   RO        11678    i.edge_flash_anim_end  lv_page.o
    0x08007ea6   0x08007ea6   0x00000030   Code   RO         8440    i.ent_alloc         lv_mem.o
    0x08007ed6   0x08007ed6   0x00000002   PAD
    0x08007ed8   0x08007ed8   0x00000030   Code   RO         8441    i.ent_get_next      lv_mem.o
    0x08007f08   0x08007f08   0x0000004c   Code   RO         8442    i.ent_trunc         lv_mem.o
    0x08007f54   0x08007f54   0x000000f6   Code   RO         4901    i.focus_next_core   lv_group.o
    0x0800804a   0x0800804a   0x00000002   PAD
    0x0800804c   0x0800804c   0x0000001c   Code   RO         4523    i.fputc             usart.o
    0x08008068   0x08008068   0x0000019c   Code   RO         7050    i.get_glyph_dsc_id  lv_font_fmt_txt.o
    0x08008204   0x08008204   0x000000d8   Code   RO         7051    i.get_kern_value    lv_font_fmt_txt.o
    0x080082dc   0x080082dc   0x00000050   Code   RO         6571    i.hex_char_to_num   lv_draw_label.o
    0x0800832c   0x0800832c   0x00000056   Code   RO         5188    i.indev_button_proc  lv_indev.o
    0x08008382   0x08008382   0x00000002   PAD
    0x08008384   0x08008384   0x00000218   Code   RO         5189    i.indev_drag        lv_indev.o
    0x0800859c   0x0800859c   0x000001b0   Code   RO         5190    i.indev_drag_throw  lv_indev.o
    0x0800874c   0x0800874c   0x0000037c   Code   RO         5191    i.indev_encoder_proc  lv_indev.o
    0x08008ac8   0x08008ac8   0x000002fc   Code   RO         5192    i.indev_keypad_proc  lv_indev.o
    0x08008dc4   0x08008dc4   0x0000005a   Code   RO         5193    i.indev_pointer_proc  lv_indev.o
    0x08008e1e   0x08008e1e   0x00000002   PAD
    0x08008e20   0x08008e20   0x0000037c   Code   RO         5194    i.indev_proc_press  lv_indev.o
    0x0800919c   0x0800919c   0x00000264   Code   RO         5195    i.indev_proc_release  lv_indev.o
    0x08009400   0x08009400   0x0000005c   Code   RO         5196    i.indev_proc_reset_query_handler  lv_indev.o
    0x0800945c   0x0800945c   0x00000020   Code   RO         5197    i.indev_reset_check  lv_indev.o
    0x0800947c   0x0800947c   0x00000076   Code   RO         5198    i.indev_search_obj  lv_indev.o
    0x080094f2   0x080094f2   0x00000020   Code   RO         7052    i.kern_pair_16_compare  lv_font_fmt_txt.o
    0x08009512   0x08009512   0x00000020   Code   RO         7053    i.kern_pair_8_compare  lv_font_fmt_txt.o
    0x08009532   0x08009532   0x000000d4   Code   RO         6610    i.line_draw_hor     lv_draw_line.o
    0x08009606   0x08009606   0x00000e26   Code   RO         6611    i.line_draw_skew    lv_draw_line.o
    0x0800a42c   0x0800a42c   0x000000d2   Code   RO         6612    i.line_draw_ver     lv_draw_line.o
    0x0800a4fe   0x0800a4fe   0x000000d4   Code   RO         6613    i.line_init         lv_draw_line.o
    0x0800a5d2   0x0800a5d2   0x00000068   Code   RO         6614    i.line_next         lv_draw_line.o
    0x0800a63a   0x0800a63a   0x00000022   Code   RO         6615    i.line_next_x       lv_draw_line.o
    0x0800a65c   0x0800a65c   0x00000022   Code   RO         6616    i.line_next_y       lv_draw_line.o
    0x0800a67e   0x0800a67e   0x00000002   PAD
    0x0800a680   0x0800a680   0x0000002c   Code   RO         7809    i.lv_anim_core_init  lv_anim.o
    0x0800a6ac   0x0800a6ac   0x00000058   Code   RO         7811    i.lv_anim_create    lv_anim.o
    0x0800a704   0x0800a704   0x00000058   Code   RO         7812    i.lv_anim_del       lv_anim.o
    0x0800a75c   0x0800a75c   0x00000034   Code   RO         7818    i.lv_anim_path_linear  lv_anim.o
    0x0800a790   0x0800a790   0x00000030   Code   RO         7821    i.lv_anim_speed_to_time  lv_anim.o
    0x0800a7c0   0x0800a7c0   0x0000000a   Code   RO         5382    i.lv_area_copy      lv_obj.o
    0x0800a7ca   0x0800a7ca   0x0000000a   Code   RO         6012    i.lv_area_copy      lv_refr.o
    0x0800a7d4   0x0800a7d4   0x0000000a   Code   RO         6670    i.lv_area_copy      lv_draw_rect.o
    0x0800a7de   0x0800a7de   0x0000000a   Code   RO        10151    i.lv_area_copy      lv_cont.o
    0x0800a7e8   0x0800a7e8   0x0000000a   Code   RO        11679    i.lv_area_copy      lv_page.o
    0x0800a7f2   0x0800a7f2   0x0000000a   Code   RO        12187    i.lv_area_copy      lv_slider.o
    0x0800a7fc   0x0800a7fc   0x0000000e   Code   RO         6013    i.lv_area_get_height  lv_refr.o
    0x0800a80a   0x0800a80a   0x0000000e   Code   RO         6671    i.lv_area_get_height  lv_draw_rect.o
    0x0800a818   0x0800a818   0x0000000e   Code   RO        10846    i.lv_area_get_height  lv_label.o
    0x0800a826   0x0800a826   0x0000000e   Code   RO        11680    i.lv_area_get_height  lv_page.o
    0x0800a834   0x0800a834   0x0000000e   Code   RO        12188    i.lv_area_get_height  lv_slider.o
    0x0800a842   0x0800a842   0x00000022   Code   RO         7963    i.lv_area_get_size  lv_area.o
    0x0800a864   0x0800a864   0x0000000e   Code   RO         6014    i.lv_area_get_width  lv_refr.o
    0x0800a872   0x0800a872   0x0000000e   Code   RO         6367    i.lv_area_get_width  lv_draw_basic.o
    0x0800a880   0x0800a880   0x0000000e   Code   RO         6572    i.lv_area_get_width  lv_draw_label.o
    0x0800a88e   0x0800a88e   0x0000000e   Code   RO         6672    i.lv_area_get_width  lv_draw_rect.o
    0x0800a89c   0x0800a89c   0x0000000e   Code   RO        10847    i.lv_area_get_width  lv_label.o
    0x0800a8aa   0x0800a8aa   0x0000000e   Code   RO        11681    i.lv_area_get_width  lv_page.o
    0x0800a8b8   0x0800a8b8   0x0000000e   Code   RO        12189    i.lv_area_get_width  lv_slider.o
    0x0800a8c6   0x0800a8c6   0x00000082   Code   RO         7964    i.lv_area_intersect  lv_area.o
    0x0800a948   0x0800a948   0x0000003a   Code   RO         7965    i.lv_area_is_in     lv_area.o
    0x0800a982   0x0800a982   0x0000003a   Code   RO         7966    i.lv_area_is_on     lv_area.o
    0x0800a9bc   0x0800a9bc   0x0000003a   Code   RO         7967    i.lv_area_is_point_on  lv_area.o
    0x0800a9f6   0x0800a9f6   0x00000064   Code   RO         7968    i.lv_area_join      lv_area.o
    0x0800aa5a   0x0800aa5a   0x0000000e   Code   RO         7969    i.lv_area_set       lv_area.o
    0x0800aa68   0x0800aa68   0x0000000c   Code   RO         7970    i.lv_area_set_height  lv_area.o
    0x0800aa74   0x0800aa74   0x0000003a   Code   RO         7971    i.lv_area_set_pos   lv_area.o
    0x0800aaae   0x0800aaae   0x0000000c   Code   RO         7972    i.lv_area_set_width  lv_area.o
    0x0800aaba   0x0800aaba   0x00000018   Code   RO         8902    i.lv_bar_anim       lv_bar.o
    0x0800aad2   0x0800aad2   0x00000020   Code   RO         8903    i.lv_bar_anim_ready  lv_bar.o
    0x0800aaf2   0x0800aaf2   0x00000002   PAD
    0x0800aaf4   0x0800aaf4   0x00000120   Code   RO         8904    i.lv_bar_create     lv_bar.o
    0x0800ac14   0x0800ac14   0x0000032c   Code   RO         8905    i.lv_bar_design     lv_bar.o
    0x0800af40   0x0800af40   0x00000012   Code   RO         8907    i.lv_bar_get_max_value  lv_bar.o
    0x0800af52   0x0800af52   0x00000012   Code   RO         8908    i.lv_bar_get_min_value  lv_bar.o
    0x0800af64   0x0800af64   0x00000034   Code   RO         8909    i.lv_bar_get_style  lv_bar.o
    0x0800af98   0x0800af98   0x00000020   Code   RO         8911    i.lv_bar_get_value  lv_bar.o
    0x0800afb8   0x0800afb8   0x00000034   Code   RO         8914    i.lv_bar_set_style  lv_bar.o
    0x0800afec   0x0800afec   0x000000d8   Code   RO         8916    i.lv_bar_set_value  lv_bar.o
    0x0800b0c4   0x0800b0c4   0x00000078   Code   RO         8917    i.lv_bar_signal     lv_bar.o
    0x0800b13c   0x0800b13c   0x0000014c   Code   RO         9048    i.lv_btn_create     lv_btn.o
    0x0800b288   0x0800b288   0x00000038   Code   RO         9049    i.lv_btn_design     lv_btn.o
    0x0800b2c0   0x0800b2c0   0x00000014   Code   RO         9055    i.lv_btn_get_toggle  lv_btn.o
    0x0800b2d4   0x0800b2d4   0x0000002e   Code   RO         9059    i.lv_btn_set_state  lv_btn.o
    0x0800b302   0x0800b302   0x0000004c   Code   RO         9060    i.lv_btn_set_style  lv_btn.o
    0x0800b34e   0x0800b34e   0x00000002   PAD
    0x0800b350   0x0800b350   0x00000228   Code   RO         9062    i.lv_btn_signal     lv_btn.o
    0x0800b578   0x0800b578   0x0000008c   Code   RO         9880    i.lv_chart_add_series  lv_chart.o
    0x0800b604   0x0800b604   0x00000148   Code   RO         9882    i.lv_chart_create   lv_chart.o
    0x0800b74c   0x0800b74c   0x000000d0   Code   RO         9883    i.lv_chart_design   lv_chart.o
    0x0800b81c   0x0800b81c   0x00000190   Code   RO         9884    i.lv_chart_draw_areas  lv_chart.o
    0x0800b9ac   0x0800b9ac   0x00000018   Code   RO         9885    i.lv_chart_draw_axes  lv_chart.o
    0x0800b9c4   0x0800b9c4   0x000001a0   Code   RO         9886    i.lv_chart_draw_cols  lv_chart.o
    0x0800bb64   0x0800bb64   0x00000126   Code   RO         9887    i.lv_chart_draw_div  lv_chart.o
    0x0800bc8a   0x0800bc8a   0x00000002   PAD
    0x0800bc8c   0x0800bc8c   0x00000168   Code   RO         9888    i.lv_chart_draw_lines  lv_chart.o
    0x0800bdf4   0x0800bdf4   0x00000180   Code   RO         9889    i.lv_chart_draw_points  lv_chart.o
    0x0800bf74   0x0800bf74   0x00000188   Code   RO         9890    i.lv_chart_draw_vertical_lines  lv_chart.o
    0x0800c0fc   0x0800c0fc   0x00000268   Code   RO         9891    i.lv_chart_draw_x_ticks  lv_chart.o
    0x0800c364   0x0800c364   0x00000254   Code   RO         9892    i.lv_chart_draw_y_ticks  lv_chart.o
    0x0800c5b8   0x0800c5b8   0x00000074   Code   RO         9900    i.lv_chart_inv_cols  lv_chart.o
    0x0800c62c   0x0800c62c   0x000000b8   Code   RO         9901    i.lv_chart_inv_lines  lv_chart.o
    0x0800c6e4   0x0800c6e4   0x00000066   Code   RO         9902    i.lv_chart_inv_points  lv_chart.o
    0x0800c74a   0x0800c74a   0x0000000c   Code   RO         9903    i.lv_chart_refresh  lv_chart.o
    0x0800c756   0x0800c756   0x000000b4   Code   RO         9906    i.lv_chart_set_next  lv_chart.o
    0x0800c80a   0x0800c80a   0x00000024   Code   RO         9912    i.lv_chart_set_series_width  lv_chart.o
    0x0800c82e   0x0800c82e   0x00000012   Code   RO         9913    i.lv_chart_set_style  lv_chart.o
    0x0800c840   0x0800c840   0x00000098   Code   RO         9920    i.lv_chart_signal   lv_chart.o
    0x0800c8d8   0x0800c8d8   0x00000016   Code   RO         8055    i.lv_circ_cont      lv_circ.o
    0x0800c8ee   0x0800c8ee   0x00000010   Code   RO         8056    i.lv_circ_init      lv_circ.o
    0x0800c8fe   0x0800c8fe   0x0000003c   Code   RO         8057    i.lv_circ_next      lv_circ.o
    0x0800c93a   0x0800c93a   0x00000030   Code   RO         6124    i.lv_color_make     lv_style.o
    0x0800c96a   0x0800c96a   0x0000007c   Code   RO         6368    i.lv_color_mix      lv_draw_basic.o
    0x0800c9e6   0x0800c9e6   0x0000007c   Code   RO         6673    i.lv_color_mix      lv_draw_rect.o
    0x0800ca62   0x0800ca62   0x0000007c   Code   RO         9921    i.lv_color_mix      lv_chart.o
    0x0800cade   0x0800cade   0x00000002   PAD
    0x0800cae0   0x0800cae0   0x000000fc   Code   RO        10152    i.lv_cont_create    lv_cont.o
    0x0800cbdc   0x0800cbdc   0x00000014   Code   RO        10153    i.lv_cont_get_fit_bottom  lv_cont.o
    0x0800cbf0   0x0800cbf0   0x00000014   Code   RO        10154    i.lv_cont_get_fit_left  lv_cont.o
    0x0800cc04   0x0800cc04   0x00000014   Code   RO        10156    i.lv_cont_get_fit_top  lv_cont.o
    0x0800cc18   0x0800cc18   0x00000014   Code   RO        10157    i.lv_cont_get_layout  lv_cont.o
    0x0800cc2c   0x0800cc2c   0x000000ec   Code   RO        10158    i.lv_cont_layout_center  lv_cont.o
    0x0800cd18   0x0800cd18   0x000000b6   Code   RO        10159    i.lv_cont_layout_col  lv_cont.o
    0x0800cdce   0x0800cdce   0x0000011a   Code   RO        10160    i.lv_cont_layout_grid  lv_cont.o
    0x0800cee8   0x0800cee8   0x00000244   Code   RO        10161    i.lv_cont_layout_pretty  lv_cont.o
    0x0800d12c   0x0800d12c   0x000000b4   Code   RO        10162    i.lv_cont_layout_row  lv_cont.o
    0x0800d1e0   0x0800d1e0   0x0000036e   Code   RO        10163    i.lv_cont_refr_autofit  lv_cont.o
    0x0800d54e   0x0800d54e   0x0000006a   Code   RO        10164    i.lv_cont_refr_layout  lv_cont.o
    0x0800d5b8   0x0800d5b8   0x00000018   Code   RO        10269    i.lv_cont_set_fit2  lv_ddlist.o
    0x0800d5d0   0x0800d5d0   0x00000078   Code   RO        10165    i.lv_cont_set_fit4  lv_cont.o
    0x0800d648   0x0800d648   0x00000030   Code   RO        10166    i.lv_cont_set_layout  lv_cont.o
    0x0800d678   0x0800d678   0x00000012   Code   RO        10167    i.lv_cont_set_style  lv_cont.o
    0x0800d68a   0x0800d68a   0x00000002   PAD
    0x0800d68c   0x0800d68c   0x000000c0   Code   RO        10168    i.lv_cont_signal    lv_cont.o
    0x0800d74c   0x0800d74c   0x00000016   Code   RO        10270    i.lv_ddlist_adjust_height  lv_ddlist.o
    0x0800d762   0x0800d762   0x00000030   Code   RO        10271    i.lv_ddlist_anim_finish  lv_ddlist.o
    0x0800d792   0x0800d792   0x0000000e   Code   RO        10272    i.lv_ddlist_anim_ready_cb  lv_ddlist.o
    0x0800d7a0   0x0800d7a0   0x0000023c   Code   RO        10274    i.lv_ddlist_create  lv_ddlist.o
    0x0800d9dc   0x0800d9dc   0x000002a8   Code   RO        10275    i.lv_ddlist_design  lv_ddlist.o
    0x0800dc84   0x0800dc84   0x00000010   Code   RO        10280    i.lv_ddlist_get_selected  lv_ddlist.o
    0x0800dc94   0x0800dc94   0x00000036   Code   RO        10283    i.lv_ddlist_get_style  lv_ddlist.o
    0x0800dcca   0x0800dcca   0x00000034   Code   RO        10284    i.lv_ddlist_get_txt_flag  lv_ddlist.o
    0x0800dcfe   0x0800dcfe   0x0000007a   Code   RO        10286    i.lv_ddlist_pos_current_option  lv_ddlist.o
    0x0800dd78   0x0800dd78   0x00000128   Code   RO        10287    i.lv_ddlist_refr_size  lv_ddlist.o
    0x0800dea0   0x0800dea0   0x0000002a   Code   RO        10288    i.lv_ddlist_refr_width  lv_ddlist.o
    0x0800deca   0x0800deca   0x00000002   PAD
    0x0800decc   0x0800decc   0x00000090   Code   RO        10289    i.lv_ddlist_scrl_signal  lv_ddlist.o
    0x0800df5c   0x0800df5c   0x0000009a   Code   RO        10294    i.lv_ddlist_set_options  lv_ddlist.o
    0x0800dff6   0x0800dff6   0x00000054   Code   RO        10297    i.lv_ddlist_set_style  lv_ddlist.o
    0x0800e04a   0x0800e04a   0x00000002   PAD
    0x0800e04c   0x0800e04c   0x000001f8   Code   RO        10298    i.lv_ddlist_signal  lv_ddlist.o
    0x0800e244   0x0800e244   0x00000022   Code   RO         7494    i.lv_disp_buf_init  lv_hal_disp.o
    0x0800e266   0x0800e266   0x00000002   PAD
    0x0800e268   0x0800e268   0x0000004c   Code   RO         7495    i.lv_disp_drv_init  lv_hal_disp.o
    0x0800e2b4   0x0800e2b4   0x000000c8   Code   RO         7496    i.lv_disp_drv_register  lv_hal_disp.o
    0x0800e37c   0x0800e37c   0x0000000e   Code   RO         7498    i.lv_disp_flush_ready  lv_hal_disp.o
    0x0800e38a   0x0800e38a   0x0000001a   Code   RO         7499    i.lv_disp_get_antialiasing  lv_hal_disp.o
    0x0800e3a4   0x0800e3a4   0x00000006   Code   RO         7500    i.lv_disp_get_buf   lv_hal_disp.o
    0x0800e3aa   0x0800e3aa   0x00000002   PAD
    0x0800e3ac   0x0800e3ac   0x0000000c   Code   RO         7501    i.lv_disp_get_default  lv_hal_disp.o
    0x0800e3b8   0x0800e3b8   0x00000028   Code   RO         7502    i.lv_disp_get_hor_res  lv_hal_disp.o
    0x0800e3e0   0x0800e3e0   0x0000000c   Code   RO         7503    i.lv_disp_get_inv_buf_size  lv_hal_disp.o
    0x0800e3ec   0x0800e3ec   0x00000016   Code   RO         4781    i.lv_disp_get_layer_sys  lv_disp.o
    0x0800e402   0x0800e402   0x00000016   Code   RO         4782    i.lv_disp_get_layer_top  lv_disp.o
    0x0800e418   0x0800e418   0x00000016   Code   RO         4784    i.lv_disp_get_scr_act  lv_disp.o
    0x0800e42e   0x0800e42e   0x00000028   Code   RO         7505    i.lv_disp_get_ver_res  lv_hal_disp.o
    0x0800e456   0x0800e456   0x00000016   Code   RO         7506    i.lv_disp_is_double_buf  lv_hal_disp.o
    0x0800e46c   0x0800e46c   0x00000024   Code   RO         7507    i.lv_disp_is_true_double_buf  lv_hal_disp.o
    0x0800e490   0x0800e490   0x00000016   Code   RO         4785    i.lv_disp_load_scr  lv_disp.o
    0x0800e4a6   0x0800e4a6   0x00000024   Code   RO         7508    i.lv_disp_pop_from_inv_buf  lv_hal_disp.o
    0x0800e4ca   0x0800e4ca   0x00000002   PAD
    0x0800e4cc   0x0800e4cc   0x00000160   Code   RO         6015    i.lv_disp_refr_task  lv_refr.o
    0x0800e62c   0x0800e62c   0x00000034   Code   RO         6199    i.lv_draw_aa_get_opa  lv_draw.o
    0x0800e660   0x0800e660   0x0000005c   Code   RO         6200    i.lv_draw_aa_hor_seg  lv_draw.o
    0x0800e6bc   0x0800e6bc   0x0000005c   Code   RO         6201    i.lv_draw_aa_ver_seg  lv_draw.o
    0x0800e718   0x0800e718   0x00000044   Code   RO         6674    i.lv_draw_cont_radius_corr  lv_draw_rect.o
    0x0800e75c   0x0800e75c   0x000001e4   Code   RO         6369    i.lv_draw_fill      lv_draw_basic.o
    0x0800e940   0x0800e940   0x00000024   Code   RO         6202    i.lv_draw_free_buf  lv_draw.o
    0x0800e964   0x0800e964   0x0000005c   Code   RO         6203    i.lv_draw_get_buf   lv_draw.o
    0x0800e9c0   0x0800e9c0   0x000004e8   Code   RO         6573    i.lv_draw_label     lv_draw_label.o
    0x0800eea8   0x0800eea8   0x00000368   Code   RO         6370    i.lv_draw_letter    lv_draw_basic.o
    0x0800f210   0x0800f210   0x0000033a   Code   RO         6617    i.lv_draw_line      lv_draw_line.o
    0x0800f54a   0x0800f54a   0x000000d6   Code   RO         6372    i.lv_draw_px        lv_draw_basic.o
    0x0800f620   0x0800f620   0x00000090   Code   RO         6675    i.lv_draw_rect      lv_draw_rect.o
    0x0800f6b0   0x0800f6b0   0x000010b0   Code   RO         6676    i.lv_draw_rect_border_corner  lv_draw_rect.o
    0x08010760   0x08010760   0x00000472   Code   RO         6677    i.lv_draw_rect_border_straight  lv_draw_rect.o
    0x08010bd2   0x08010bd2   0x00000c28   Code   RO         6678    i.lv_draw_rect_main_corner  lv_draw_rect.o
    0x080117fa   0x080117fa   0x00000164   Code   RO         6679    i.lv_draw_rect_main_mid  lv_draw_rect.o
    0x0801195e   0x0801195e   0x000000ae   Code   RO         6680    i.lv_draw_shadow    lv_draw_rect.o
    0x08011a0c   0x08011a0c   0x00000272   Code   RO         6681    i.lv_draw_shadow_bottom  lv_draw_rect.o
    0x08011c7e   0x08011c7e   0x000003e6   Code   RO         6682    i.lv_draw_shadow_full  lv_draw_rect.o
    0x08012064   0x08012064   0x000001b2   Code   RO         6683    i.lv_draw_shadow_full_straight  lv_draw_rect.o
    0x08012216   0x08012216   0x000001ba   Code   RO         6778    i.lv_draw_triangle  lv_draw_triangle.o
    0x080123d0   0x080123d0   0x0000000c   Code   RO         5383    i.lv_event_get_data  lv_obj.o
    0x080123dc   0x080123dc   0x00000024   Code   RO         5385    i.lv_event_send     lv_obj.o
    0x08012400   0x08012400   0x0000009c   Code   RO         5386    i.lv_event_send_func  lv_obj.o
    0x0801249c   0x0801249c   0x00000034   Code   RO         7054    i.lv_font_get_bitmap_fmt_txt  lv_font_fmt_txt.o
    0x080124d0   0x080124d0   0x00000010   Code   RO         7007    i.lv_font_get_glyph_bitmap  lv_font.o
    0x080124e0   0x080124e0   0x0000001e   Code   RO         7008    i.lv_font_get_glyph_dsc  lv_font.o
    0x080124fe   0x080124fe   0x00000084   Code   RO         7055    i.lv_font_get_glyph_dsc_fmt_txt  lv_font_fmt_txt.o
    0x08012582   0x08012582   0x00000026   Code   RO         7009    i.lv_font_get_glyph_width  lv_font.o
    0x080125a8   0x080125a8   0x00000006   Code   RO        10299    i.lv_font_get_line_height  lv_ddlist.o
    0x080125ae   0x080125ae   0x00000006   Code   RO        10848    i.lv_font_get_line_height  lv_label.o
    0x080125b4   0x080125b4   0x00000032   Code   RO         8111    i.lv_fs_close       lv_fs.o
    0x080125e6   0x080125e6   0x00000002   PAD
    0x080125e8   0x080125e8   0x00000030   Code   RO         8118    i.lv_fs_get_drv     lv_fs.o
    0x08012618   0x08012618   0x0000003c   Code   RO         8119    i.lv_fs_get_ext     lv_fs.o
    0x08012654   0x08012654   0x00000026   Code   RO         8122    i.lv_fs_get_real_path  lv_fs.o
    0x0801267a   0x0801267a   0x00000002   PAD
    0x0801267c   0x0801267c   0x00000010   Code   RO         8123    i.lv_fs_init        lv_fs.o
    0x0801268c   0x0801268c   0x0000009a   Code   RO         8125    i.lv_fs_open        lv_fs.o
    0x08012726   0x08012726   0x00000048   Code   RO         8126    i.lv_fs_read        lv_fs.o
    0x0801276e   0x0801276e   0x00000028   Code   RO         8129    i.lv_fs_seek        lv_fs.o
    0x08012796   0x08012796   0x0000006a   Code   RO         4903    i.lv_group_add_obj  lv_group.o
    0x08012800   0x08012800   0x00000018   Code   RO         4907    i.lv_group_focus_next  lv_group.o
    0x08012818   0x08012818   0x000000bc   Code   RO         4908    i.lv_group_focus_obj  lv_group.o
    0x080128d4   0x080128d4   0x00000018   Code   RO         4909    i.lv_group_focus_prev  lv_group.o
    0x080128ec   0x080128ec   0x00000012   Code   RO         4910    i.lv_group_get_click_focus  lv_group.o
    0x080128fe   0x080128fe   0x00000012   Code   RO         4911    i.lv_group_get_editing  lv_group.o
    0x08012910   0x08012910   0x00000016   Code   RO         4913    i.lv_group_get_focused  lv_group.o
    0x08012926   0x08012926   0x00000002   PAD
    0x08012928   0x08012928   0x00000010   Code   RO         4917    i.lv_group_init     lv_group.o
    0x08012938   0x08012938   0x0000003e   Code   RO         4918    i.lv_group_mod_style  lv_group.o
    0x08012976   0x08012976   0x00000046   Code   RO         4919    i.lv_group_refocus  lv_group.o
    0x080129bc   0x080129bc   0x0000003e   Code   RO         4923    i.lv_group_send_data  lv_group.o
    0x080129fa   0x080129fa   0x0000005c   Code   RO         4925    i.lv_group_set_editing  lv_group.o
    0x08012a56   0x08012a56   0x00000002   PAD
    0x08012a58   0x08012a58   0x00000068   Code   RO         6812    i.lv_img_cache_invalidate_src  lv_img_cache.o
    0x08012ac0   0x08012ac0   0x00000084   Code   RO         6814    i.lv_img_cache_set_size  lv_img_cache.o
    0x08012b44   0x08012b44   0x0000004c   Code   RO         6486    i.lv_img_color_format_get_px_size  lv_draw_img.o
    0x08012b90   0x08012b90   0x00000030   Code   RO         6854    i.lv_img_decoder_built_in_close  lv_img_decoder.o
    0x08012bc0   0x08012bc0   0x000000ba   Code   RO         6855    i.lv_img_decoder_built_in_info  lv_img_decoder.o
    0x08012c7a   0x08012c7a   0x00000002   PAD
    0x08012c7c   0x08012c7c   0x000001e4   Code   RO         6856    i.lv_img_decoder_built_in_line_alpha  lv_img_decoder.o
    0x08012e60   0x08012e60   0x00000180   Code   RO         6857    i.lv_img_decoder_built_in_line_indexed  lv_img_decoder.o
    0x08012fe0   0x08012fe0   0x0000007a   Code   RO         6858    i.lv_img_decoder_built_in_line_true_color  lv_img_decoder.o
    0x0801305a   0x0801305a   0x00000002   PAD
    0x0801305c   0x0801305c   0x000001ac   Code   RO         6859    i.lv_img_decoder_built_in_open  lv_img_decoder.o
    0x08013208   0x08013208   0x000000c8   Code   RO         6860    i.lv_img_decoder_built_in_read_line  lv_img_decoder.o
    0x080132d0   0x080132d0   0x00000028   Code   RO         6861    i.lv_img_decoder_close  lv_img_decoder.o
    0x080132f8   0x080132f8   0x00000028   Code   RO         6862    i.lv_img_decoder_create  lv_img_decoder.o
    0x08013320   0x08013320   0x00000054   Code   RO         6865    i.lv_img_decoder_init  lv_img_decoder.o
    0x08013374   0x08013374   0x00000004   Code   RO         6868    i.lv_img_decoder_set_close_cb  lv_img_decoder.o
    0x08013378   0x08013378   0x00000004   Code   RO         6869    i.lv_img_decoder_set_info_cb  lv_img_decoder.o
    0x0801337c   0x0801337c   0x00000004   Code   RO         6870    i.lv_img_decoder_set_open_cb  lv_img_decoder.o
    0x08013380   0x08013380   0x00000004   Code   RO         6871    i.lv_img_decoder_set_read_line_cb  lv_img_decoder.o
    0x08013384   0x08013384   0x0000002a   Code   RO         6490    i.lv_img_src_get_type  lv_draw_img.o
    0x080133ae   0x080133ae   0x00000024   Code   RO         7677    i.lv_indev_drv_init  lv_hal_indev.o
    0x080133d2   0x080133d2   0x00000002   PAD
    0x080133d4   0x080133d4   0x0000006c   Code   RO         7678    i.lv_indev_drv_register  lv_hal_indev.o
    0x08013440   0x08013440   0x0000000c   Code   RO         5200    i.lv_indev_get_act  lv_indev.o
    0x0801344c   0x0801344c   0x0000001c   Code   RO         7680    i.lv_indev_get_next  lv_hal_indev.o
    0x08013468   0x08013468   0x00000020   Code   RO         5203    i.lv_indev_get_point  lv_indev.o
    0x08013488   0x08013488   0x0000000c   Code   RO         5205    i.lv_indev_get_type  lv_indev.o
    0x08013494   0x08013494   0x0000002a   Code   RO         5206    i.lv_indev_get_vect  lv_indev.o
    0x080134be   0x080134be   0x0000000a   Code   RO         5207    i.lv_indev_init     lv_indev.o
    0x080134c8   0x080134c8   0x00000022   Code   RO         5208    i.lv_indev_is_dragging  lv_indev.o
    0x080134ea   0x080134ea   0x0000003e   Code   RO         7681    i.lv_indev_read     lv_hal_indev.o
    0x08013528   0x08013528   0x00000104   Code   RO         5209    i.lv_indev_read_task  lv_indev.o
    0x0801362c   0x0801362c   0x0000003e   Code   RO         5210    i.lv_indev_reset    lv_indev.o
    0x0801366a   0x0801366a   0x00000002   PAD
    0x0801366c   0x0801366c   0x0000005c   Code   RO         5387    i.lv_init           lv_obj.o
    0x080136c8   0x080136c8   0x000000de   Code   RO         6016    i.lv_inv_area       lv_refr.o
    0x080137a6   0x080137a6   0x00000002   PAD
    0x080137a8   0x080137a8   0x000001d4   Code   RO        10849    i.lv_label_create   lv_label.o
    0x0801397c   0x0801397c   0x00000260   Code   RO        10851    i.lv_label_design   lv_label.o
    0x08013bdc   0x08013bdc   0x0000002c   Code   RO        10852    i.lv_label_dot_tmp_free  lv_label.o
    0x08013c08   0x08013c08   0x00000014   Code   RO        10853    i.lv_label_get_align  lv_label.o
    0x08013c1c   0x08013c1c   0x00000014   Code   RO        10855    i.lv_label_get_body_draw  lv_label.o
    0x08013c30   0x08013c30   0x0000001c   Code   RO        10856    i.lv_label_get_dot_tmp  lv_label.o
    0x08013c4c   0x08013c4c   0x00000194   Code   RO        10857    i.lv_label_get_letter_on  lv_label.o
    0x08013de0   0x08013de0   0x00000014   Code   RO        10859    i.lv_label_get_long_mode  lv_label.o
    0x08013df4   0x08013df4   0x00000014   Code   RO        10860    i.lv_label_get_recolor  lv_label.o
    0x08013e08   0x08013e08   0x00000010   Code   RO        10861    i.lv_label_get_text  lv_label.o
    0x08013e18   0x08013e18   0x00000008   Code   RO        10862    i.lv_label_get_text_sel_end  lv_label.o
    0x08013e20   0x08013e20   0x00000008   Code   RO        10863    i.lv_label_get_text_sel_start  lv_label.o
    0x08013e28   0x08013e28   0x000003f0   Code   RO        10866    i.lv_label_refr_text  lv_label.o
    0x08014218   0x08014218   0x00000078   Code   RO        10867    i.lv_label_revert_dots  lv_label.o
    0x08014290   0x08014290   0x0000002c   Code   RO        10868    i.lv_label_set_align  lv_label.o
    0x080142bc   0x080142bc   0x00000032   Code   RO        10871    i.lv_label_set_body_draw  lv_label.o
    0x080142ee   0x080142ee   0x00000060   Code   RO        10872    i.lv_label_set_dot_tmp  lv_label.o
    0x0801434e   0x0801434e   0x00000002   PAD
    0x08014350   0x08014350   0x00000090   Code   RO        10873    i.lv_label_set_long_mode  lv_label.o
    0x080143e0   0x080143e0   0x00000018   Code   RO        10874    i.lv_label_set_offset_x  lv_label.o
    0x080143f8   0x080143f8   0x00000018   Code   RO        10875    i.lv_label_set_offset_y  lv_label.o
    0x08014410   0x08014410   0x0000002c   Code   RO        10876    i.lv_label_set_recolor  lv_label.o
    0x0801443c   0x0801443c   0x0000003a   Code   RO        10877    i.lv_label_set_static_text  lv_label.o
    0x08014476   0x08014476   0x00000098   Code   RO        10878    i.lv_label_set_text  lv_label.o
    0x0801450e   0x0801450e   0x00000002   PAD
    0x08014510   0x08014510   0x00000148   Code   RO        10881    i.lv_label_signal   lv_label.o
    0x08014658   0x08014658   0x00000070   Code   RO         8305    i.lv_ll_chg_list    lv_ll.o
    0x080146c8   0x080146c8   0x00000030   Code   RO         8306    i.lv_ll_clear       lv_ll.o
    0x080146f8   0x080146f8   0x0000000a   Code   RO         8307    i.lv_ll_get_head    lv_ll.o
    0x08014702   0x08014702   0x00000016   Code   RO         8309    i.lv_ll_get_next    lv_ll.o
    0x08014718   0x08014718   0x00000014   Code   RO         8310    i.lv_ll_get_prev    lv_ll.o
    0x0801472c   0x0801472c   0x0000000a   Code   RO         8311    i.lv_ll_get_tail    lv_ll.o
    0x08014736   0x08014736   0x00000016   Code   RO         8312    i.lv_ll_init        lv_ll.o
    0x0801474c   0x0801474c   0x00000040   Code   RO         8313    i.lv_ll_ins_head    lv_ll.o
    0x0801478c   0x0801478c   0x00000072   Code   RO         8314    i.lv_ll_ins_prev    lv_ll.o
    0x080147fe   0x080147fe   0x00000046   Code   RO         8315    i.lv_ll_ins_tail    lv_ll.o
    0x08014844   0x08014844   0x00000018   Code   RO         8316    i.lv_ll_is_empty    lv_ll.o
    0x0801485c   0x0801485c   0x0000006a   Code   RO         8317    i.lv_ll_move_before  lv_ll.o
    0x080148c6   0x080148c6   0x0000008a   Code   RO         8318    i.lv_ll_rem         lv_ll.o
    0x08014950   0x08014950   0x0000004c   Code   RO         8443    i.lv_mem_alloc      lv_mem.o
    0x0801499c   0x0801499c   0x00000074   Code   RO         8445    i.lv_mem_free       lv_mem.o
    0x08014a10   0x08014a10   0x00000020   Code   RO         8446    i.lv_mem_get_size   lv_mem.o
    0x08014a30   0x08014a30   0x00000028   Code   RO         8447    i.lv_mem_init       lv_mem.o
    0x08014a58   0x08014a58   0x0000006c   Code   RO         8449    i.lv_mem_realloc    lv_mem.o
    0x08014ac4   0x08014ac4   0x000003b2   Code   RO         5388    i.lv_obj_align      lv_obj.o
    0x08014e76   0x08014e76   0x000002f8   Code   RO         5389    i.lv_obj_align_origo  lv_obj.o
    0x0801516e   0x0801516e   0x00000014   Code   RO         5390    i.lv_obj_allocate_ext_attr  lv_obj.o
    0x08015182   0x08015182   0x00000010   Code   RO         5392    i.lv_obj_clear_protect  lv_obj.o
    0x08015192   0x08015192   0x00000002   PAD
    0x08015194   0x08015194   0x000002f4   Code   RO         5395    i.lv_obj_create     lv_obj.o
    0x08015488   0x08015488   0x000000c6   Code   RO         5399    i.lv_obj_design     lv_obj.o
    0x0801554e   0x0801554e   0x0000000c   Code   RO         5400    i.lv_obj_get_auto_realign  lv_obj.o
    0x0801555a   0x0801555a   0x00000022   Code   RO         5401    i.lv_obj_get_child  lv_obj.o
    0x0801557c   0x0801557c   0x0000000c   Code   RO         5403    i.lv_obj_get_click  lv_obj.o
    0x08015588   0x08015588   0x00000012   Code   RO         5404    i.lv_obj_get_coords  lv_obj.o
    0x0801559a   0x0801559a   0x00000006   Code   RO         5405    i.lv_obj_get_design_cb  lv_obj.o
    0x080155a0   0x080155a0   0x0000005c   Code   RO         5406    i.lv_obj_get_disp   lv_obj.o
    0x080155fc   0x080155fc   0x0000000c   Code   RO         5407    i.lv_obj_get_drag   lv_obj.o
    0x08015608   0x08015608   0x0000000c   Code   RO         5408    i.lv_obj_get_drag_dir  lv_obj.o
    0x08015614   0x08015614   0x0000000c   Code   RO         5409    i.lv_obj_get_drag_parent  lv_obj.o
    0x08015620   0x08015620   0x0000000c   Code   RO         5410    i.lv_obj_get_drag_throw  lv_obj.o
    0x0801562c   0x0801562c   0x00000006   Code   RO         5412    i.lv_obj_get_ext_attr  lv_obj.o
    0x08015632   0x08015632   0x00000006   Code   RO         5418    i.lv_obj_get_group  lv_obj.o
    0x08015638   0x08015638   0x00000010   Code   RO         5419    i.lv_obj_get_height  lv_obj.o
    0x08015648   0x08015648   0x0000000c   Code   RO         5421    i.lv_obj_get_hidden  lv_obj.o
    0x08015654   0x08015654   0x00000028   Code   RO         5423    i.lv_obj_get_opa_scale  lv_obj.o
    0x0801567c   0x0801567c   0x00000006   Code   RO         5425    i.lv_obj_get_parent  lv_obj.o
    0x08015682   0x08015682   0x0000001a   Code   RO         5428    i.lv_obj_get_screen  lv_obj.o
    0x0801569c   0x0801569c   0x00000006   Code   RO         5429    i.lv_obj_get_signal_cb  lv_obj.o
    0x080156a2   0x080156a2   0x00000002   PAD
    0x080156a4   0x080156a4   0x00000070   Code   RO         5430    i.lv_obj_get_style  lv_obj.o
    0x08015714   0x08015714   0x00000010   Code   RO         5433    i.lv_obj_get_width  lv_obj.o
    0x08015724   0x08015724   0x00000020   Code   RO         5434    i.lv_obj_get_width_fit  lv_obj.o
    0x08015744   0x08015744   0x00000018   Code   RO         5435    i.lv_obj_get_x      lv_obj.o
    0x0801575c   0x0801575c   0x00000018   Code   RO         5436    i.lv_obj_get_y      lv_obj.o
    0x08015774   0x08015774   0x000000ce   Code   RO         5437    i.lv_obj_invalidate  lv_obj.o
    0x08015842   0x08015842   0x0000001a   Code   RO         5438    i.lv_obj_is_focused  lv_obj.o
    0x0801585c   0x0801585c   0x00000012   Code   RO         5439    i.lv_obj_is_protected  lv_obj.o
    0x0801586e   0x0801586e   0x0000003e   Code   RO         5441    i.lv_obj_move_foreground  lv_obj.o
    0x080158ac   0x080158ac   0x0000003e   Code   RO         5442    i.lv_obj_realign    lv_obj.o
    0x080158ea   0x080158ea   0x0000001a   Code   RO         5443    i.lv_obj_refresh_ext_draw_pad  lv_obj.o
    0x08015904   0x08015904   0x0000001c   Code   RO         5444    i.lv_obj_refresh_style  lv_obj.o
    0x08015920   0x08015920   0x00000012   Code   RO         5447    i.lv_obj_set_click  lv_obj.o
    0x08015932   0x08015932   0x00000004   Code   RO         5448    i.lv_obj_set_design_cb  lv_obj.o
    0x08015936   0x08015936   0x00000022   Code   RO         5449    i.lv_obj_set_drag   lv_obj.o
    0x08015958   0x08015958   0x00000012   Code   RO         5452    i.lv_obj_set_drag_throw  lv_obj.o
    0x0801596a   0x0801596a   0x00000004   Code   RO         5453    i.lv_obj_set_event_cb  lv_obj.o
    0x0801596e   0x0801596e   0x0000001a   Code   RO         5455    i.lv_obj_set_height  lv_obj.o
    0x08015988   0x08015988   0x00000068   Code   RO         5459    i.lv_obj_set_parent  lv_obj.o
    0x080159f0   0x080159f0   0x000000a2   Code   RO         5461    i.lv_obj_set_pos    lv_obj.o
    0x08015a92   0x08015a92   0x0000000c   Code   RO         5462    i.lv_obj_set_protect  lv_obj.o
    0x08015a9e   0x08015a9e   0x00000004   Code   RO         5463    i.lv_obj_set_signal_cb  lv_obj.o
    0x08015aa2   0x08015aa2   0x0000009e   Code   RO         5464    i.lv_obj_set_size   lv_obj.o
    0x08015b40   0x08015b40   0x00000016   Code   RO         5465    i.lv_obj_set_style  lv_obj.o
    0x08015b56   0x08015b56   0x00000012   Code   RO         5466    i.lv_obj_set_top    lv_obj.o
    0x08015b68   0x08015b68   0x0000001a   Code   RO         5467    i.lv_obj_set_width  lv_obj.o
    0x08015b82   0x08015b82   0x0000001a   Code   RO         5468    i.lv_obj_set_x      lv_obj.o
    0x08015b9c   0x08015b9c   0x0000001a   Code   RO         5469    i.lv_obj_set_y      lv_obj.o
    0x08015bb6   0x08015bb6   0x00000002   PAD
    0x08015bb8   0x08015bb8   0x00000068   Code   RO         5470    i.lv_obj_signal     lv_obj.o
    0x08015c20   0x08015c20   0x00000258   Code   RO        11683    i.lv_page_create    lv_page.o
    0x08015e78   0x08015e78   0x000002d0   Code   RO        11684    i.lv_page_design    lv_page.o
    0x08016148   0x08016148   0x00000010   Code   RO        11686    i.lv_page_get_anim_time  lv_page.o
    0x08016158   0x08016158   0x00000010   Code   RO        11691    i.lv_page_get_scrl  lv_page.o
    0x08016168   0x08016168   0x00000012   Code   RO        10300    i.lv_page_get_scrl_fit_bottom  lv_ddlist.o
    0x0801617a   0x0801617a   0x00000012   Code   RO        11692    i.lv_page_get_scrl_width  lv_page.o
    0x0801618c   0x0801618c   0x0000004a   Code   RO        11694    i.lv_page_get_style  lv_page.o
    0x080161d6   0x080161d6   0x00000410   Code   RO        11697    i.lv_page_sb_refresh  lv_page.o
    0x080165e6   0x080165e6   0x00000002   PAD
    0x080165e8   0x080165e8   0x0000006c   Code   RO        11698    i.lv_page_scroll_hor  lv_page.o
    0x08016654   0x08016654   0x0000006c   Code   RO        11699    i.lv_page_scroll_ver  lv_page.o
    0x080166c0   0x080166c0   0x00000506   Code   RO        11700    i.lv_page_scrollable_signal  lv_page.o
    0x08016bc6   0x08016bc6   0x00000012   Code   RO        11701    i.lv_page_set_anim_time  lv_page.o
    0x08016bd8   0x08016bd8   0x0000007c   Code   RO        11703    i.lv_page_set_sb_mode  lv_page.o
    0x08016c54   0x08016c54   0x0000001e   Code   RO        10301    i.lv_page_set_scrl_fit2  lv_ddlist.o
    0x08016c72   0x08016c72   0x00000072   Code   RO        11705    i.lv_page_set_style  lv_page.o
    0x08016ce4   0x08016ce4   0x000002ec   Code   RO        11706    i.lv_page_signal    lv_page.o
    0x08016fd0   0x08016fd0   0x0000007c   Code   RO        11707    i.lv_page_start_edge_flash  lv_page.o
    0x0801704c   0x0801704c   0x00000158   Code   RO         6017    i.lv_refr_area      lv_refr.o
    0x080171a4   0x080171a4   0x00000084   Code   RO         6018    i.lv_refr_area_part  lv_refr.o
    0x08017228   0x08017228   0x00000064   Code   RO         6019    i.lv_refr_areas     lv_refr.o
    0x0801728c   0x0801728c   0x0000000c   Code   RO         6020    i.lv_refr_get_disp_refreshing  lv_refr.o
    0x08017298   0x08017298   0x0000007e   Code   RO         6021    i.lv_refr_get_top_obj  lv_refr.o
    0x08017316   0x08017316   0x00000002   Code   RO         6022    i.lv_refr_init      lv_refr.o
    0x08017318   0x08017318   0x000000dc   Code   RO         6023    i.lv_refr_join_area  lv_refr.o
    0x080173f4   0x080173f4   0x00000100   Code   RO         6025    i.lv_refr_obj       lv_refr.o
    0x080174f4   0x080174f4   0x0000006c   Code   RO         6026    i.lv_refr_obj_and_children  lv_refr.o
    0x08017560   0x08017560   0x00000064   Code   RO         6028    i.lv_refr_vdb_flush  lv_refr.o
    0x080175c4   0x080175c4   0x000000a8   Code   RO        11708    i.lv_scrl_design    lv_page.o
    0x0801766c   0x0801766c   0x000000f0   Code   RO        12190    i.lv_slider_create  lv_slider.o
    0x0801775c   0x0801775c   0x00000532   Code   RO        12191    i.lv_slider_design  lv_slider.o
    0x08017c8e   0x08017c8e   0x00000046   Code   RO        12193    i.lv_slider_get_style  lv_slider.o
    0x08017cd4   0x08017cd4   0x00000024   Code   RO        12194    i.lv_slider_get_value  lv_slider.o
    0x08017cf8   0x08017cf8   0x00000046   Code   RO        12197    i.lv_slider_set_style  lv_slider.o
    0x08017d3e   0x08017d3e   0x00000014   Code   RO          614    i.lv_slider_set_value  lv_example.o
    0x08017d52   0x08017d52   0x00000014   Code   RO        12198    i.lv_slider_set_value  lv_slider.o
    0x08017d66   0x08017d66   0x00000002   PAD
    0x08017d68   0x08017d68   0x00000370   Code   RO        12199    i.lv_slider_signal  lv_slider.o
    0x080180d8   0x080180d8   0x00000012   Code   RO         6128    i.lv_style_copy     lv_style.o
    0x080180ea   0x080180ea   0x00000002   PAD
    0x080180ec   0x080180ec   0x00000558   Code   RO         6129    i.lv_style_init     lv_style.o
    0x08018644   0x08018644   0x00000018   Code   RO         8506    i.lv_task_core_init  lv_task.o
    0x0801865c   0x0801865c   0x0000003e   Code   RO         8507    i.lv_task_create    lv_task.o
    0x0801869a   0x0801869a   0x00000002   PAD
    0x0801869c   0x0801869c   0x000000a4   Code   RO         8508    i.lv_task_create_basic  lv_task.o
    0x08018740   0x08018740   0x00000030   Code   RO         8509    i.lv_task_del       lv_task.o
    0x08018770   0x08018770   0x0000000c   Code   RO         8510    i.lv_task_enable    lv_task.o
    0x0801877c   0x0801877c   0x00000050   Code   RO         8511    i.lv_task_exec      lv_task.o
    0x080187cc   0x080187cc   0x00000174   Code   RO         8513    i.lv_task_handler   lv_task.o
    0x08018940   0x08018940   0x00000012   Code   RO         8515    i.lv_task_ready     lv_task.o
    0x08018952   0x08018952   0x00000004   Code   RO         8517    i.lv_task_set_cb    lv_task.o
    0x08018956   0x08018956   0x00000004   Code   RO         8518    i.lv_task_set_period  lv_task.o
    0x0801895a   0x0801895a   0x00000002   PAD
    0x0801895c   0x0801895c   0x00000064   Code   RO         8519    i.lv_task_set_prio  lv_task.o
    0x080189c0   0x080189c0   0x0000000c   Code   RO        13466    i.lv_theme_get_current  lv_theme.o
    0x080189cc   0x080189cc   0x0000001a   Code   RO         7775    i.lv_tick_elaps     lv_hal_tick.o
    0x080189e6   0x080189e6   0x00000002   PAD
    0x080189e8   0x080189e8   0x00000020   Code   RO         7776    i.lv_tick_get       lv_hal_tick.o
    0x08018a08   0x08018a08   0x0000001c   Code   RO         7777    i.lv_tick_inc       lv_hal_tick.o
    0x08018a24   0x08018a24   0x00000270   Code   RO          615    i.lv_tutorial_objects  lv_example.o
    0x08018c94   0x08018c94   0x00000120   Code   RO         8607    i.lv_txt_get_next_line  lv_txt.o
    0x08018db4   0x08018db4   0x000000cc   Code   RO         8608    i.lv_txt_get_size   lv_txt.o
    0x08018e80   0x08018e80   0x00000090   Code   RO         8609    i.lv_txt_get_width  lv_txt.o
    0x08018f10   0x08018f10   0x00000048   Code   RO         8611    i.lv_txt_is_cmd     lv_txt.o
    0x08018f58   0x08018f58   0x000000a4   Code   RO         8612    i.lv_txt_unicode_to_utf8  lv_txt.o
    0x08018ffc   0x08018ffc   0x0000003e   Code   RO         8613    i.lv_txt_utf8_conv_wc  lv_txt.o
    0x0801903a   0x0801903a   0x00000002   PAD
    0x0801903c   0x0801903c   0x00000028   Code   RO         8614    i.lv_txt_utf8_get_byte_id  lv_txt.o
    0x08019064   0x08019064   0x00000028   Code   RO         8615    i.lv_txt_utf8_get_char_id  lv_txt.o
    0x0801908c   0x0801908c   0x00000028   Code   RO         8616    i.lv_txt_utf8_get_length  lv_txt.o
    0x080190b4   0x080190b4   0x00000148   Code   RO         8617    i.lv_txt_utf8_next  lv_txt.o
    0x080191fc   0x080191fc   0x00000060   Code   RO         8618    i.lv_txt_utf8_prev  lv_txt.o
    0x0801925c   0x0801925c   0x0000003c   Code   RO         8619    i.lv_txt_utf8_size  lv_txt.o
    0x08019298   0x08019298   0x00000054   Code   RO         8701    i.lv_utils_bsearch  lv_utils.o
    0x080192ec   0x080192ec   0x000000b0   Code   RO           15    i.main              main.o
    0x0801939c   0x0801939c   0x00000040   Code   RO           16    i.my_disp_flush     main.o
    0x080193dc   0x080193dc   0x00000054   Code   RO           17    i.my_touchpad_read  main.o
    0x08019430   0x08019430   0x00000030   Code   RO         8320    i.node_set_next     lv_ll.o
    0x08019460   0x08019460   0x0000002c   Code   RO         8321    i.node_set_prev     lv_ll.o
    0x0801948c   0x0801948c   0x0000002c   Code   RO         4931    i.obj_to_foreground  lv_group.o
    0x080194b8   0x080194b8   0x00000024   Code   RO         6779    i.point_swap        lv_draw_triangle.o
    0x080194dc   0x080194dc   0x00000006   Code   RO         4586    i.read_addr         usmart.o
    0x080194e2   0x080194e2   0x00000050   Code   RO         5472    i.refresh_children_position  lv_obj.o
    0x08019532   0x08019532   0x00000042   Code   RO         5473    i.refresh_children_style  lv_obj.o
    0x08019574   0x08019574   0x00000158   Code   RO        10302    i.release_handler   lv_ddlist.o
    0x080196cc   0x080196cc   0x0000004e   Code   RO        11709    i.scrl_def_event_cb  lv_page.o
    0x0801971a   0x0801971a   0x00000148   Code   RO         6373    i.sw_color_fill     lv_draw_basic.o
    0x08019862   0x08019862   0x00000458   Code   RO         6780    i.tri_draw_flat     lv_draw_triangle.o
    0x08019cba   0x08019cba   0x000003a0   Code   RO         6781    i.tri_draw_tall     lv_draw_triangle.o
    0x0801a05a   0x0801a05a   0x00000002   PAD
    0x0801a05c   0x0801a05c   0x00000038   Code   RO         4524    i.uart_init         usart.o
    0x0801a094   0x0801a094   0x0000000a   Code   RO         7056    i.unicode_list_compare  lv_font_fmt_txt.o
    0x0801a09e   0x0801a09e   0x00000002   PAD
    0x0801a0a0   0x0801a0a0   0x000000b0   Code   RO         4587    i.usmart_cmd_rec    usmart.o
    0x0801a150   0x0801a150   0x000002d4   Code   RO         4588    i.usmart_exe        usmart.o
    0x0801a424   0x0801a424   0x000000d4   Code   RO         4698    i.usmart_get_aparm  usmart_str.o
    0x0801a4f8   0x0801a4f8   0x00000036   Code   RO         4699    i.usmart_get_cmdname  usmart_str.o
    0x0801a52e   0x0801a52e   0x00000002   PAD
    0x0801a530   0x0801a530   0x000001c0   Code   RO         4700    i.usmart_get_fname  usmart_str.o
    0x0801a6f0   0x0801a6f0   0x0000010c   Code   RO         4701    i.usmart_get_fparam  usmart_str.o
    0x0801a7fc   0x0801a7fc   0x00000020   Code   RO         4702    i.usmart_get_parmpos  usmart_str.o
    0x0801a81c   0x0801a81c   0x00000044   Code   RO         4589    i.usmart_get_runtime  usmart.o
    0x0801a860   0x0801a860   0x00000028   Code   RO         4590    i.usmart_init       usmart.o
    0x0801a888   0x0801a888   0x00000016   Code   RO         4703    i.usmart_pow        usmart_str.o
    0x0801a89e   0x0801a89e   0x00000002   PAD
    0x0801a8a0   0x0801a8a0   0x00000034   Code   RO         4591    i.usmart_reset_runtime  usmart.o
    0x0801a8d4   0x0801a8d4   0x000000bc   Code   RO         4592    i.usmart_scan       usmart.o
    0x0801a990   0x0801a990   0x00000016   Code   RO         4704    i.usmart_search_nextc  usmart_str.o
    0x0801a9a6   0x0801a9a6   0x00000106   Code   RO         4705    i.usmart_str2num    usmart_str.o
    0x0801aaac   0x0801aaac   0x00000022   Code   RO         4706    i.usmart_strcmp     usmart_str.o
    0x0801aace   0x0801aace   0x00000016   Code   RO         4707    i.usmart_strcopy    usmart_str.o
    0x0801aae4   0x0801aae4   0x00000018   Code   RO         4708    i.usmart_strlen     usmart_str.o
    0x0801aafc   0x0801aafc   0x000006f4   Code   RO         4593    i.usmart_sys_cmd_exe  usmart.o
    0x0801b1f0   0x0801b1f0   0x00000004   Code   RO         4594    i.write_addr        usmart.o
    0x0801b1f4   0x0801b1f4   0x00000002   Data   RO          616    .constdata          lv_example.o
    0x0801b1f6   0x0801b1f6   0x00000018   Data   RO         3726    .constdata          system_stm32f4xx.o
    0x0801b20e   0x0801b20e   0x0000000a   Data   RO         3950    .constdata          ft5206.o
    0x0801b218   0x0801b218   0x000000c2   Data   RO         3997    .constdata          gt9147.o
    0x0801b2da   0x0801b2da   0x00004740   Data   RO         4077    .constdata          lcd.o
    0x0801fa1a   0x0801fa1a   0x0000000a   Data   RO         4336    .constdata          ott2001a.o
    0x0801fa24   0x0801fa24   0x00000004   Data   RO         4424    .constdata          touch.o
    0x0801fa28   0x0801fa28   0x00000016   Data   RO         6134    .constdata          lv_style.o
    0x0801fa3e   0x0801fa3e   0x00000024   Data   RO         6204    .constdata          lv_draw.o
    0x0801fa62   0x0801fa62   0x00000011   Data   RO         6684    .constdata          lv_draw_rect.o
    0x0801fa73   0x0801fa73   0x00000001   PAD
    0x0801fa74   0x0801fa74   0x00002db8   Data   RO         7348    .constdata          lv_font_roboto_16.o
    0x0802282c   0x0802282c   0x00000002   Data   RO         7511    .constdata          lv_hal_disp.o
    0x0802282e   0x0802282e   0x00000002   PAD
    0x08022830   0x08022830   0x00000079   Data   RO         4425    .conststring        touch.o
    0x080228a9   0x080228a9   0x00000003   PAD
    0x080228ac   0x080228ac   0x00000028   Data   RO         4596    .conststring        usmart.o
    0x080228d4   0x080228d4   0x0000006b   Data   RO         4673    .conststring        usmart_config.o
    0x0802293f   0x0802293f   0x00000001   PAD
    0x08022940   0x08022940   0x00000020   Data   RO        13966    Region$$Table       anon$$obj.o


    Execution Region RW_IRAM1 (Exec base: 0x20000000, Load base: 0x08022960, Size: 0x0000b5a0, Max: 0x00020000, ABSOLUTE, COMPRESSED[0x000000c8])

    Exec Addr    Load Addr    Size         Type   Attr      Idx    E Section Name        Object

    0x20000000   COMPRESSED   0x00000004   Data   RW           19    .data               main.o
    0x20000004   COMPRESSED   0x00000004   Data   RW          617    .data               lv_example.o
    0x20000008   COMPRESSED   0x00000009   Data   RW         2653    .data               stm32f4xx_hal.o
    0x20000011   COMPRESSED   0x00000003   PAD
    0x20000014   COMPRESSED   0x00000004   Data   RW         3727    .data               system_stm32f4xx.o
    0x20000018   COMPRESSED   0x00000004   Data   RW         3911    .data               delay.o
    0x2000001c   COMPRESSED   0x00000001   Data   RW         3951    .data               ft5206.o
    0x2000001d   COMPRESSED   0x00000001   Data   RW         3998    .data               gt9147.o
    0x2000001e   COMPRESSED   0x00000002   PAD
    0x20000020   COMPRESSED   0x00000008   Data   RW         4078    .data               lcd.o
    0x20000028   COMPRESSED   0x00000001   Data   RW         4337    .data               ott2001a.o
    0x20000029   COMPRESSED   0x00000003   PAD
    0x2000002c   COMPRESSED   0x00000036   Data   RW         4426    .data               touch.o
    0x20000062   COMPRESSED   0x00000002   PAD
    0x20000064   COMPRESSED   0x00000007   Data   RW         4526    .data               usart.o
    0x2000006b   COMPRESSED   0x00000001   PAD
    0x2000006c   COMPRESSED   0x0000001c   Data   RW         4597    .data               usmart.o
    0x20000088   COMPRESSED   0x00000114   Data   RW         4674    .data               usmart_config.o
    0x2000019c   COMPRESSED   0x00000008   Data   RW         5216    .data               lv_indev.o
    0x200001a4   COMPRESSED   0x0000000c   Data   RW         5475    .data               lv_obj.o
    0x200001b0   COMPRESSED   0x00000008   Data   RW         6029    .data               lv_refr.o
    0x200001b8   COMPRESSED   0x00000024   Data   RW         6205    .data               lv_draw.o
    0x200001dc   COMPRESSED   0x00000002   Data   RW         6376    .data               lv_draw_basic.o
    0x200001de   COMPRESSED   0x00000002   Data   RW         6815    .data               lv_img_cache.o
    0x200001e0   COMPRESSED   0x0000002c   Data   RW         7349    .data               lv_font_roboto_16.o
    0x2000020c   COMPRESSED   0x00000004   Data   RW         7512    .data               lv_hal_disp.o
    0x20000210   COMPRESSED   0x00000005   Data   RW         7778    .data               lv_hal_tick.o
    0x20000215   COMPRESSED   0x00000003   PAD
    0x20000218   COMPRESSED   0x00000005   Data   RW         7822    .data               lv_anim.o
    0x2000021d   COMPRESSED   0x00000003   PAD
    0x20000220   COMPRESSED   0x0000000c   Data   RW         8287    .data               lv_gc.o
    0x2000022c   COMPRESSED   0x00000008   Data   RW         8451    .data               lv_mem.o
    0x20000234   COMPRESSED   0x00000014   Data   RW         8520    .data               lv_task.o
    0x20000248   COMPRESSED   0x00000020   Data   RW         8620    .data               lv_txt.o
    0x20000268   COMPRESSED   0x00000008   Data   RW         8918    .data               lv_bar.o
    0x20000270   COMPRESSED   0x00000008   Data   RW         9064    .data               lv_btn.o
    0x20000278   COMPRESSED   0x00000008   Data   RW         9922    .data               lv_chart.o
    0x20000280   COMPRESSED   0x00000004   Data   RW        10169    .data               lv_cont.o
    0x20000284   COMPRESSED   0x0000000c   Data   RW        10303    .data               lv_ddlist.o
    0x20000290   COMPRESSED   0x00000004   Data   RW        10882    .data               lv_label.o
    0x20000294   COMPRESSED   0x00000008   Data   RW        11710    .data               lv_page.o
    0x2000029c   COMPRESSED   0x00000008   Data   RW        12200    .data               lv_slider.o
    0x200002a4   COMPRESSED   0x00000004   Data   RW        13468    .data               lv_theme.o
    0x200002a8   COMPRESSED   0x00000004   Data   RW        13951    .data               mc_w.l(errno.o)
    0x200002ac        -       0x000025e0   Zero   RW           18    .bss                main.o
    0x2000288c        -       0x00000040   Zero   RW          470    .bss                tim.o
    0x200028cc        -       0x0000005e   Zero   RW         4076    .bss                lcd.o
    0x2000292a   COMPRESSED   0x00000002   PAD
    0x2000292c        -       0x00000108   Zero   RW         4525    .bss                usart.o
    0x20002a34        -       0x00000040   Zero   RW         4595    .bss                usmart.o
    0x20002a74        -       0x0000030c   Zero   RW         6133    .bss                lv_style.o
    0x20002d80        -       0x000003c0   Zero   RW         6375    .bss                lv_draw_basic.o
    0x20003140        -       0x00000060   Zero   RW         8286    .bss                lv_gc.o
    0x200031a0        -       0x00008000   Zero   RW         8450    .bss                lv_mem.o
    0x2000b1a0        -       0x00000400   Zero   RW            1    STACK               startup_stm32f407xx.o


==============================================================================

Image component sizes


      Code (inc. data)   RO Data    RW Data    ZI Data      Debug   Object Name

       262          0          0          0          0       3145   24cxx.o
       766        140          0          0          0       5433   ctiic.o
       116          8          0          4          0       1935   delay.o
       862         44         10          1          0       3729   ft5206.o
      1146         84        194          1          0       4614   gt9147.o
     12364        204      18240          8         94      22011   lcd.o
       708         50          0          5          0      16573   lv_anim.o
         0          0          0          0          0      19290   lv_arc.o
       534          0          0          0          0       7689   lv_area.o
      1664         52          0          8          0      23593   lv_bar.o
      1082         60          0          8          0      14066   lv_btn.o
         0          0          0          0          0       3610   lv_calendar.o
         0          0          0          0          0       5090   lv_canvas.o
         0          0          0          0          0       4968   lv_cb.o
      5082         92          0          8          0      33711   lv_chart.o
        98          0          0          0          0       2829   lv_circ.o
      3164         24          0          4          0      21460   lv_cont.o
      3226        118          0         12          0      30047   lv_ddlist.o
        88          0          0          0          0      21519   lv_disp.o
       364         20         36         36          0      21073   lv_draw.o
      2036         34          0          2        960      23715   lv_draw_basic.o
       118         16          0          0          0       9702   lv_draw_img.o
      1350         24          0          0          0      11754   lv_draw_label.o
      5254          0          0          0          0       9271   lv_draw_line.o
     11568         16         17          0          0      25913   lv_draw_rect.o
      2518          0          0          0          0       5547   lv_draw_triangle.o
       734         94          2          4          0      16532   lv_example.o
        84          0          0          0          0       3577   lv_font.o
       886         16          0          0          0       8733   lv_font_fmt_txt.o
         0          0          0          0          0       1744   lv_font_roboto_12.o
         0          0      11704         44          0       1940   lv_font_roboto_16.o
       478         16          0          0          0      11696   lv_fs.o
         0          0          0         12         96       3744   lv_gc.o
       992         20          0          0          0      32684   lv_group.o
       554         26          2          4          0      29295   lv_hal_disp.o
       234         12          0          0          0      23158   lv_hal_indev.o
        86         20          0          5          0       2296   lv_hal_tick.o
       236         20          0          2          0       4138   lv_img_cache.o
      2032         54          0          0          0      17923   lv_img_decoder.o
      5010         62          0          8          0      28843   lv_indev.o
      3790        100          0          4          0      31168   lv_label.o
       852          0          0          0          0      10596   lv_ll.o
       544         32          0          8      32768       6234   lv_mem.o
      4890        106          0         12          0      52012   lv_obj.o
      5484         98          0          8          0      47657   lv_page.o
      2012         48          0          8          0      11263   lv_refr.o
      2684         38          0          8          0      11845   lv_slider.o
      1434         68         22          0        780       8046   lv_style.o
       888         90          0         20          0       7966   lv_task.o
        12          6          0          4          0      25521   lv_theme.o
      1538         48          0         32          0      13227   lv_txt.o
        84          0          0          0          0        935   lv_utils.o
       510         66          0          4       9696     730190   main.o
       712        112          0          0          0       4838   myiic.o
       954         72         10          1          0       4319   ott2001a.o
        36          8        392          0       1024        844   startup_stm32f407xx.o
       172         32          0          9          0       3957   stm32f4xx_hal.o
       344         22          0          0          0      35121   stm32f4xx_hal_cortex.o
        40          0          0          0          0       1139   stm32f4xx_hal_dma.o
       512         46          0          0          0       1668   stm32f4xx_hal_gpio.o
        72          4          0          0          0        870   stm32f4xx_hal_msp.o
      1732         84          0          0          0       5576   stm32f4xx_hal_rcc.o
        88          0          0          0          0       1216   stm32f4xx_hal_sram.o
       726         46          0          0          0       6411   stm32f4xx_hal_tim.o
        88          0          0          0          0       2461   stm32f4xx_hal_tim_ex.o
      1808         12          0          0          0       8731   stm32f4xx_hal_uart.o
        56          4          0          0          0       4780   stm32f4xx_it.o
       232         10          0          0          0       2747   stm32f4xx_ll_fsmc.o
       100         18         24          4          0       1199   system_stm32f4xx.o
       148         20          0          0         64       1626   tim.o
      4372        278        125         54          0      10673   touch.o
       440         54          0          7        264       4945   usart.o
      3202       1354         40         28         64       7959   usmart.o
         0          0        107        276          0       1496   usmart_config.o
      1400         20          0          0          0       9093   usmart_str.o

    ----------------------------------------------------------------------
    107754       4222      30964        680      45812    1616919   Object Totals
         0          0         32          0          0          0   (incl. Generated)
       102          0          7         17          2          0   (incl. Padding)

    ----------------------------------------------------------------------

      Code (inc. data)   RO Data    RW Data    ZI Data      Debug   Library Member Name

       122          0          0          0          0        148   sqrt.o
        86          0          0          0          0          0   __dczerorl2.o
         0          0          0          0          0          0   entry.o
         0          0          0          0          0          0   entry10a.o
         0          0          0          0          0          0   entry11a.o
         8          4          0          0          0          0   entry2.o
         4          0          0          0          0          0   entry5.o
         0          0          0          0          0          0   entry7b.o
         0          0          0          0          0          0   entry8b.o
         8          4          0          0          0          0   entry9a.o
        12          6          0          4          0         68   errno.o
        30          0          0          0          0          0   handlers.o
        36          8          0          0          0         68   init.o
         0          0          0          0          0          0   iusefp.o
        30          0          0          0          0         68   llshl.o
        36          0          0          0          0         68   llsshr.o
        32          0          0          0          0         68   llushr.o
        36          0          0          0          0         68   memcpya.o
        36          0          0          0          0        108   memseta.o
      1154         54          0          0          0        352   printf8.o
        28          0          0          0          0         76   strcmp.o
        18          0          0          0          0         68   strcpy.o
        14          0          0          0          0         68   strlen.o
        98          0          0          0          0         92   uldiv.o
        48          0          0          0          0         68   cdcmple.o
        48          0          0          0          0         68   cdrcmple.o
       334          0          0          0          0        148   dadd.o
       186          0          0          0          0        176   depilogue.o
        50          0          0          0          0         76   dfixui.o
        34          0          0          0          0         76   dflti.o
        26          0          0          0          0         76   dfltui.o
       228          0          0          0          0         96   dmul.o
       162          0          0          0          0        100   dsqrt.o
        38          0          0          0          0         68   f2d.o

    ----------------------------------------------------------------------
      2946         76          0          4          0       2272   Library Totals
         4          0          0          0          0          0   (incl. Padding)

    ----------------------------------------------------------------------

      Code (inc. data)   RO Data    RW Data    ZI Data      Debug   Library Name

       122          0          0          0          0        148   m_wm.l
      1666         76          0          4          0       1172   mc_w.l
      1154          0          0          0          0        952   mf_w.l

    ----------------------------------------------------------------------
      2946         76          0          4          0       2272   Library Totals

    ----------------------------------------------------------------------

==============================================================================


      Code (inc. data)   RO Data    RW Data    ZI Data      Debug   

    110700       4298      30964        684      45812    1560883   Grand Totals
    110700       4298      30964        200      45812    1560883   ELF Image Totals (compressed)
    110700       4298      30964        200          0          0   ROM Totals

==============================================================================

    Total RO  Size (Code + RO Data)               141664 ( 138.34kB)
    Total RW  Size (RW Data + ZI Data)             46496 (  45.41kB)
    Total ROM Size (Code + RO Data + RW Data)     141864 ( 138.54kB)

==============================================================================

