<html>
<body>
<pre>
<h1>µVision Build Log</h1>
<h2>Tool Versions:</h2>
IDE-Version: ¦ÌVision V5.28.0.0
Copyright (C) 2019 ARM Ltd and ARM Germany GmbH. All rights reserved.
License Information: Patrick Palanas, HUST, LIC=ATTCX-HVRCM-5TH3W-QU6HD-JJCC2-YW6L4
 
Tool Versions:
Toolchain:       MDK-ARM Plus  Version: 5.28.0.0
Toolchain Path:  D:\Programs\KEIL\Core\ARM\ARMCC\Bin
C Compiler:      Armcc.exe V5.06 update 6 (build 750)
Assembler:       Armasm.exe V5.06 update 6 (build 750)
Linker/Locator:  ArmLink.exe V5.06 update 6 (build 750)
Library Manager: ArmAr.exe V5.06 update 6 (build 750)
Hex Converter:   FromElf.exe V5.06 update 6 (build 750)
CPU DLL:         SARMCM3.DLL V5.28.0.0
Dialog DLL:      DCM.DLL V1.17.3.0
Target DLL:      STLink\ST-LINKIII-KEIL_SWO.dll V3.0.6.0
Dialog DLL:      TCM.DLL V1.36.2.0
 
<h2>Project:</h2>
D:\School\STM32\STM32F407ZGT Demos\TimerDemo\MDK-ARM\TimerDemo.uvprojx
Project File Date:  10/19/2019

<h2>Output:</h2>
*** Using Compiler 'V5.06 update 6 (build 750)', folder: 'D:\Programs\KEIL\Core\ARM\ARMCC\Bin'
Build target 'TimerDemo'
compiling delay.c...
compiling myiic.c...
compiling ft5206.c...
compiling ott2001a.c...
compiling 24cxx.c...
compiling ctiic.c...
compiling gt9147.c...
compiling lv_disp.c...
compiling lcd.c...
compiling lv_group.c...
compiling lv_indev.c...
compiling lv_obj.c...
compiling lv_refr.c...
compiling lv_style.c...
compiling lv_draw.c...
compiling lv_draw_arc.c...
compiling lv_draw_basic.c...
compiling lv_draw_img.c...
compiling lv_draw_label.c...
compiling lv_draw_line.c...
compiling lv_draw_triangle.c...
compiling lv_draw_rect.c...
compiling lv_img_cache.c...
compiling lv_font.c...
compiling lv_img_decoder.c...
compiling lv_font_fmt_txt.c...
compiling lv_font_roboto_12.c...
compiling lv_font_roboto_16.c...
compiling lv_font_roboto_22.c...
compiling lv_font_roboto_28.c...
compiling lv_font_unscii_8.c...
compiling lv_hal_disp.c...
compiling lv_hal_indev.c...
compiling lv_hal_tick.c...
compiling lv_area.c...
compiling lv_anim.c...
compiling lv_async.c...
compiling lv_circ.c...
compiling lv_color.c...
compiling lv_fs.c...
compiling lv_gc.c...
compiling lv_ll.c...
compiling lv_log.c...
compiling lv_math.c...
compiling lv_mem.c...
compiling lv_templ.c...
compiling lv_task.c...
compiling lv_txt.c...
compiling lv_utils.c...
compiling lv_arc.c...
compiling lv_bar.c...
compiling lv_btn.c...
compiling lv_btnm.c...
compiling lv_calendar.c...
compiling lv_canvas.c...
compiling lv_cb.c...
compiling lv_chart.c...
compiling lv_cont.c...
compiling lv_ddlist.c...
compiling lv_gauge.c...
compiling sys.c...
compiling lv_img.c...
compiling lv_imgbtn.c...
compiling lv_led.c...
compiling lv_kb.c...
compiling lv_label.c...
compiling lv_line.c...
compiling lv_list.c...
compiling usmart_str.c...
compiling lv_lmeter.c...
compiling lv_objx_templ.c...
compiling lv_mbox.c...
compiling lv_preload.c...
compiling lv_page.c...
compiling lv_roller.c...
compiling lv_slider.c...
compiling lv_spinbox.c...
compiling usmart_config.c...
compiling lv_sw.c...
compiling lv_table.c...
compiling lv_ta.c...
compiling lv_tileview.c...
compiling lv_win.c...
compiling lv_tabview.c...
compiling lv_theme.c...
compiling lv_theme_alien.c...
compiling lv_theme_default.c...
compiling lv_theme_material.c...
compiling lv_theme_nemo.c...
compiling lv_theme_mono.c...
compiling lv_theme_night.c...
compiling usmart.c...
compiling lv_theme_zen.c...
compiling lv_theme_templ.c...
compiling usart.c...
compiling touch.c...
linking...
Program Size: Code=101248 RO-data=30964 RW-data=700 ZI-data=69556  
FromELF: creating hex file...
"TimerDemo\TimerDemo.axf" - 0 Error(s), 0 Warning(s).

<h2>Software Packages used:</h2>

Package Vendor: ARM
                http://www.keil.com/pack/ARM.CMSIS.5.6.0.pack
                ARM.CMSIS.5.6.0
                CMSIS (Cortex Microcontroller Software Interface Standard)
   * Component: CORE Version: 5.3.0

Package Vendor: Keil
                http://www.keil.com/pack/Keil.STM32F4xx_DFP.2.14.0.pack
                Keil.STM32F4xx_DFP.2.14.0
                STMicroelectronics STM32F4 Series Device Support, Drivers and Examples

<h2>Collection of Component include folders:</h2>
  .\RTE\_TimerDemo
  D:\Programs\KEIL\Pack\ARM\CMSIS\5.6.0\CMSIS\Core\Include
  D:\Programs\KEIL\Pack\Keil\STM32F4xx_DFP\2.14.0\Drivers\CMSIS\Device\ST\STM32F4xx\Include

<h2>Collection of Component Files used:</h2>

   * Component: ARM::CMSIS:CORE:5.3.0
Build Time Elapsed:  00:00:34
</pre>
</body>
</html>
